Component: Arm Compiler for Embedded 6.18 Tool: armlink [5e4cc100]

==============================================================================

Section Cross References

    main.o(.text.interp) refers to daddsub_clz.o(x$fpl$dsub) for __aeabi_dsub
    main.o(.text.interp) refers to ddiv.o(x$fpl$ddiv) for __aeabi_ddiv
    main.o(.text.interp) refers to dmul.o(x$fpl$dmul) for __aeabi_dmul
    main.o(.text.interp) refers to daddsub_clz.o(x$fpl$dadd) for __aeabi_dadd
    main.o(.text.interp) refers to dcmp.o(x$fpl$fcmp) for __aeabi_dcmpgt
    main.o(.ARM.exidx.text.interp) refers to main.o(.text.interp) for [Anonymous Symbol]
    main.o(.text.hyperpolarization) refers to main.o(.data..L_MergedGlobals) for .L_MergedGlobals
    main.o(.ARM.exidx.text.hyperpolarization) refers to main.o(.text.hyperpolarization) for [Anonymous Symbol]
    main.o(.text.inhibit) refers to main.o(.data..L_MergedGlobals) for .L_MergedGlobals
    main.o(.ARM.exidx.text.inhibit) refers to main.o(.text.inhibit) for [Anonymous Symbol]
    main.o(.ARM.exidx.text.LED_gpio_cfg) refers to main.o(.text.LED_gpio_cfg) for [Anonymous Symbol]
    main.o(.ARM.exidx.text.GPIO_init) refers to main.o(.text.GPIO_init) for [Anonymous Symbol]
    main.o(.ARM.exidx.text.setSleepMode) refers to main.o(.text.setSleepMode) for [Anonymous Symbol]
    main.o(.ARM.exidx.text.all) refers to main.o(.text.all) for [Anonymous Symbol]
    main.o(.ARM.exidx.text.activate) refers to main.o(.text.activate) for [Anonymous Symbol]
    main.o(.text.main) refers to main.o(.text.GPIO_init) for GPIO_init
    main.o(.text.main) refers to main.o(.data..L_MergedGlobals) for .L_MergedGlobals
    main.o(.text.main) refers to main.o(.bss..L_MergedGlobals.1) for .L_MergedGlobals.1
    main.o(.text.main) refers to rt_memclr_w.o(.text) for __aeabi_memclr8
    main.o(.text.main) refers to main.o(.data.w) for w
    main.o(.text.main) refers to main.o(.data.actual_img) for actual_img
    main.o(.text.main) refers to main.o(.bss.pot) for pot
    main.o(.text.main) refers to dcmp.o(x$fpl$fcmp) for __aeabi_dcmpgt
    main.o(.text.main) refers to ddiv.o(x$fpl$ddiv) for __aeabi_ddiv
    main.o(.text.main) refers to dmul.o(x$fpl$dmul) for __aeabi_dmul
    main.o(.text.main) refers to daddsub_clz.o(x$fpl$dadd) for __aeabi_dadd
    main.o(.text.main) refers to daddsub_clz.o(x$fpl$dsub) for __aeabi_dsub
    main.o(.text.main) refers to dflt_clz.o(x$fpl$dflt) for __aeabi_i2d
    main.o(.text.main) refers to ceil.o(i.__hardfp_ceil) for __hardfp_ceil
    main.o(.text.main) refers to main.o(.bss.train) for train
    main.o(.text.main) refers to dfix.o(x$fpl$dfix) for __aeabi_d2iz
    main.o(.text.main) refers to main.o(.data.synapse) for synapse
    main.o(.ARM.exidx.text.main) refers to main.o(.text.main) for [Anonymous Symbol]
    basicmathfunctions.o(.ARM.exidx.text.arm_abs_f32) refers to basicmathfunctions.o(.text.arm_abs_f32) for [Anonymous Symbol]
    basicmathfunctions.o(.ARM.exidx.text.arm_abs_f64) refers to basicmathfunctions.o(.text.arm_abs_f64) for [Anonymous Symbol]
    basicmathfunctions.o(.ARM.exidx.text.arm_abs_q15) refers to basicmathfunctions.o(.text.arm_abs_q15) for [Anonymous Symbol]
    basicmathfunctions.o(.ARM.exidx.text.arm_abs_q31) refers to basicmathfunctions.o(.text.arm_abs_q31) for [Anonymous Symbol]
    basicmathfunctions.o(.ARM.exidx.text.arm_abs_q7) refers to basicmathfunctions.o(.text.arm_abs_q7) for [Anonymous Symbol]
    basicmathfunctions.o(.ARM.exidx.text.arm_add_f32) refers to basicmathfunctions.o(.text.arm_add_f32) for [Anonymous Symbol]
    basicmathfunctions.o(.text.arm_add_f64) refers to daddsub_clz.o(x$fpl$dadd) for __aeabi_dadd
    basicmathfunctions.o(.ARM.exidx.text.arm_add_f64) refers to basicmathfunctions.o(.text.arm_add_f64) for [Anonymous Symbol]
    basicmathfunctions.o(.ARM.exidx.text.arm_add_q15) refers to basicmathfunctions.o(.text.arm_add_q15) for [Anonymous Symbol]
    basicmathfunctions.o(.ARM.exidx.text.arm_add_q31) refers to basicmathfunctions.o(.text.arm_add_q31) for [Anonymous Symbol]
    basicmathfunctions.o(.ARM.exidx.text.arm_add_q7) refers to basicmathfunctions.o(.text.arm_add_q7) for [Anonymous Symbol]
    basicmathfunctions.o(.ARM.exidx.text.arm_and_u16) refers to basicmathfunctions.o(.text.arm_and_u16) for [Anonymous Symbol]
    basicmathfunctions.o(.ARM.exidx.text.arm_and_u32) refers to basicmathfunctions.o(.text.arm_and_u32) for [Anonymous Symbol]
    basicmathfunctions.o(.ARM.exidx.text.arm_and_u8) refers to basicmathfunctions.o(.text.arm_and_u8) for [Anonymous Symbol]
    basicmathfunctions.o(.ARM.exidx.text.arm_dot_prod_f32) refers to basicmathfunctions.o(.text.arm_dot_prod_f32) for [Anonymous Symbol]
    basicmathfunctions.o(.text.arm_dot_prod_f64) refers to dmul.o(x$fpl$dmul) for __aeabi_dmul
    basicmathfunctions.o(.text.arm_dot_prod_f64) refers to daddsub_clz.o(x$fpl$dadd) for __aeabi_dadd
[...]
    ../clib/signal.c                         0x00000000   Number         0  defsig_cppl_inner.o ABSOLUTE
    ../clib/signal.c                         0x00000000   Number         0  defsig_segv_inner.o ABSOLUTE
    ../clib/signal.c                         0x00000000   Number         0  defsig_other.o ABSOLUTE
    ../clib/signal.s                         0x00000000   Number         0  defsig.o ABSOLUTE
    ../clib/stdlib.c                         0x00000000   Number         0  exit.o ABSOLUTE
    ../fplib/basic.s                         0x00000000   Number         0  basic.o ABSOLUTE
    ../fplib/d2f.s                           0x00000000   Number         0  d2f.o ABSOLUTE
    ../fplib/daddsub.s                       0x00000000   Number         0  daddsub_clz.o ABSOLUTE
    ../fplib/dcmp.s                          0x00000000   Number         0  dcmp.o ABSOLUTE
    ../fplib/dcmpi.s                         0x00000000   Number         0  dcmpi.o ABSOLUTE
    ../fplib/ddiv.s                          0x00000000   Number         0  ddiv.o ABSOLUTE
    ../fplib/deqf.s                          0x00000000   Number         0  deqf.o ABSOLUTE
    ../fplib/dfix.s                          0x00000000   Number         0  dfix.o ABSOLUTE
    ../fplib/dflt.s                          0x00000000   Number         0  dflt_clz.o ABSOLUTE
    ../fplib/dgeqf.s                         0x00000000   Number         0  dgeqf.o ABSOLUTE
    ../fplib/dleqf.s                         0x00000000   Number         0  dleqf.o ABSOLUTE
    ../fplib/dmul.s                          0x00000000   Number         0  dmul.o ABSOLUTE
    ../fplib/dnaninf.s                       0x00000000   Number         0  dnaninf.o ABSOLUTE
    ../fplib/dretinf.s                       0x00000000   Number         0  dretinf.o ABSOLUTE
    ../fplib/drleqf.s                        0x00000000   Number         0  drleqf.o ABSOLUTE
    ../fplib/dsqrt.s                         0x00000000   Number         0  dsqrt_umaal.o ABSOLUTE
    ../fplib/fpinit.s                        0x00000000   Number         0  fpinit.o ABSOLUTE
    ../fplib/fretinf.s                       0x00000000   Number         0  fretinf.o ABSOLUTE
    ../fplib/istatus.s                       0x00000000   Number         0  istatus.o ABSOLUTE
    ../fplib/usenofp.s                       0x00000000   Number         0  usenofp.o ABSOLUTE
    ../mathlib/ceil.c                        0x00000000   Number         0  ceil.o ABSOLUTE
    ../mathlib/dunder.c                      0x00000000   Number         0  dunder.o ABSOLUTE
    ../mathlib/exp.c                         0x00000000   Number         0  exp.o ABSOLUTE
    ../mathlib/expf.c                        0x00000000   Number         0  expf.o ABSOLUTE
    ../mathlib/floorf.c                      0x00000000   Number         0  floorf.o ABSOLUTE
    ../mathlib/fpclassify.c                  0x00000000   Number         0  fpclassify.o ABSOLUTE
    ../mathlib/fpclassifyf.c                 0x00000000   Number         0  fpclassifyf.o ABSOLUTE
    ../mathlib/funder.c                      0x00000000   Number         0  funder.o ABSOLUTE
    ../mathlib/log.c                         0x00000000   Number         0  log.o ABSOLUTE
    ../mathlib/logf.c                        0x00000000   Number         0  logf.o ABSOLUTE
    ../mathlib/poly.c                        0x00000000   Number         0  poly.o ABSOLUTE
    ../mathlib/powf.c                        0x00000000   Number         0  powf.o ABSOLUTE
    ../mathlib/qnan.c                        0x00000000   Number         0  qnan.o ABSOLUTE
    ../mathlib/sqrt.c                        0x00000000   Number         0  sqrt.o ABSOLUTE
    ../mathlib/sqrtf.c                       0x00000000   Number         0  sqrtf.o ABSOLUTE
    ../mathlib/tanhf.c                       0x00000000   Number         0  tanhf.o ABSOLUTE
    BasicMathFunctions.c                     0x00000000   Number         0  basicmathfunctions.o ABSOLUTE
    BasicMathFunctionsF16.c                  0x00000000   Number         0  basicmathfunctionsf16.o ABSOLUTE
    BayesFunctions.c                         0x00000000   Number         0  bayesfunctions.o ABSOLUTE
    BayesFunctionsF16.c                      0x00000000   Number         0  bayesfunctionsf16.o ABSOLUTE
    CommonTables.c                           0x00000000   Number         0  commontables.o ABSOLUTE
    CommonTablesF16.c                        0x00000000   Number         0  commontablesf16.o ABSOLUTE
    ComplexMathFunctions.c                   0x00000000   Number         0  complexmathfunctions.o ABSOLUTE
    ComplexMathFunctionsF16.c                0x00000000   Number         0  complexmathfunctionsf16.o ABSOLUTE
    ControllerFunctions.c                    0x00000000   Number         0  controllerfunctions.o ABSOLUTE
    DistanceFunctions.c                      0x00000000   Number         0  distancefunctions.o ABSOLUTE
    DistanceFunctionsF16.c                   0x00000000   Number         0  distancefunctionsf16.o ABSOLUTE
    FastMathFunctions.c                      0x00000000   Number         0  fastmathfunctions.o ABSOLUTE
    FastMathFunctionsF16.c                   0x00000000   Number         0  fastmathfunctionsf16.o ABSOLUTE
    FilteringFunctions.c                     0x00000000   Number         0  filteringfunctions.o ABSOLUTE
    FilteringFunctionsF16.c                  0x00000000   Number         0  filteringfunctionsf16.o ABSOLUTE
    InterpolationFunctions.c                 0x00000000   Number         0  interpolationfunctions.o ABSOLUTE
    InterpolationFunctionsF16.c              0x00000000   Number         0  interpolationfunctionsf16.o ABSOLUTE
    MatrixFunctions.c                        0x00000000   Number         0  matrixfunctions.o ABSOLUTE
    MatrixFunctionsF16.c                     0x00000000   Number         0  matrixfunctionsf16.o ABSOLUTE
    QuaternionMathFunctions.c                0x00000000   Number         0  quaternionmathfunctions.o ABSOLUTE
    RTE/Device/AMA3B2KK-KBR/startup_apollo3p.s 0x00000000   Number         0  startup_apollo3p_1.o ABSOLUTE
    RTX_Config.c                             0x00000000   Number         0  rtx_config.o ABSOLUTE
    SVMFunctions.c                           0x00000000   Number         0  svmfunctions.o ABSOLUTE
    SVMFunctionsF16.c                        0x00000000   Number         0  svmfunctionsf16.o ABSOLUTE
    StatisticsFunctions.c                    0x00000000   Number         0  statisticsfunctions.o ABSOLUTE
    StatisticsFunctionsF16.c                 0x00000000   Number         0  statisticsfunctionsf16.o ABSOLUTE
    SupportFunctions.c                       0x00000000   Number         0  supportfunctions.o ABSOLUTE
    SupportFunctionsF16.c                    0x00000000   Number         0  supportfunctionsf16.o ABSOLUTE
    TransformFunctions.c                     0x00000000   Number         0  transformfunctions.o ABSOLUTE
    TransformFunctionsF16.c                  0x00000000   Number         0  transformfunctionsf16.o ABSOLUTE
    cmsis_os1.c                              0x00000000   Number         0  cmsis_os1.o ABSOLUTE
    dc.s                                     0x00000000   Number         0  dc.o ABSOLUTE
    main.c                                   0x00000000   Number         0  main.o ABSOLUTE
    os_systick.c                             0x00000000   Number         0  os_systick.o ABSOLUTE
    rtx_kernel.c                             0x00000000   Number         0  rtx_kernel.o ABSOLUTE
    rtx_lib.c                                0x00000000   Number         0  rtx_lib.o ABSOLUTE
    rtx_memory.c                             0x00000000   Number         0  rtx_memory.o ABSOLUTE
    rtx_mempool.c                            0x00000000   Number         0  rtx_mempool.o ABSOLUTE
    rtx_msgqueue.c                           0x00000000   Number         0  rtx_msgqueue.o ABSOLUTE
    rtx_mutex.c                              0x00000000   Number         0  rtx_mutex.o ABSOLUTE
    rtx_semaphore.c                          0x00000000   Number         0  rtx_semaphore.o ABSOLUTE
    rtx_system.c                             0x00000000   Number         0  rtx_system.o ABSOLUTE
    rtx_thread.c                             0x00000000   Number         0  rtx_thread.o ABSOLUTE
    rtx_timer.c                              0x00000000   Number         0  rtx_timer.o ABSOLUTE
    system_apollo3p.c                        0x00000000   Number         0  system_apollo3p_1.o ABSOLUTE
    FPU_USED                                 0x00000001   Number         0  irq_armv7m.o ABSOLUTE
    osRtxErrorStackOverflow                  0x00000001   Number         0  irq_armv7m.o ABSOLUTE
    I_T_RUN_OFS                              0x00000014   Number         0  irq_armv7m.o ABSOLUTE
    TCB_SF_OFS                               0x00000022   Number         0  irq_armv7m.o ABSOLUTE
    TCB_SP_OFS                               0x00000038   Number         0  irq_armv7m.o ABSOLUTE
    RESET                                    0x0000c000   Section      312  startup_apollo3p_1.o(RESET)
    $v0                                      0x0000c100   Number         0  startup_apollo3p_1.o(RESET)
    !!!main                                  0x0000c138   Section        8  __main.o(!!!main)
    !!!scatter                               0x0000c140   Section       52  __scatter.o(!!!scatter)
    !!dclz77c                                0x0000c174   Section      100  __dclz77c.o(!!dclz77c)
    !!handler_zi                             0x0000c1d8   Section       28  __scatter_zi.o(!!handler_zi)
    .ARM.Collect$$libinit$$00000000          0x0000c1f4   Section        2  libinit.o(.ARM.Collect$$libinit$$00000000)
    .ARM.Collect$$libinit$$00000001          0x0000c1f6   Section        4  libinit2.o(.ARM.Collect$$libinit$$00000001)
    .ARM.Collect$$libinit$$00000004          0x0000c1fa   Section        0  libinit2.o(.ARM.Collect$$libinit$$00000004)
    .ARM.Collect$$libinit$$00000006          0x0000c1fa   Section        0  libinit2.o(.ARM.Collect$$libinit$$00000006)
    .ARM.Collect$$libinit$$0000000C          0x0000c1fa   Section        0  libinit2.o(.ARM.Collect$$libinit$$0000000C)
    .ARM.Collect$$libinit$$0000000E          0x0000c1fa   Section        0  libinit2.o(.ARM.Collect$$libinit$$0000000E)
    .ARM.Collect$$libinit$$00000010          0x0000c1fa   Section        0  libinit2.o(.ARM.Collect$$libinit$$00000010)
    .ARM.Collect$$libinit$$00000013          0x0000c1fa   Section        0  libinit2.o(.ARM.Collect$$libinit$$00000013)
    .ARM.Collect$$libinit$$00000015          0x0000c1fa   Section        0  libinit2.o(.ARM.Collect$$libinit$$00000015)
    .ARM.Collect$$libinit$$00000017          0x0000c1fa   Section        0  libinit2.o(.ARM.Collect$$libinit$$00000017)
    .ARM.Collect$$libinit$$00000019          0x0000c1fa   Section        0  libinit2.o(.ARM.Collect$$libinit$$00000019)
    .ARM.Collect$$libinit$$0000001B          0x0000c1fa   Section        0  libinit2.o(.ARM.Collect$$libinit$$0000001B)
    .ARM.Collect$$libinit$$0000001D          0x0000c1fa   Section        0  libinit2.o(.ARM.Collect$$libinit$$0000001D)
    .ARM.Collect$$libinit$$0000001F          0x0000c1fa   Section        0  libinit2.o(.ARM.Collect$$libinit$$0000001F)
    .ARM.Collect$$libinit$$00000021          0x0000c1fa   Section        0  libinit2.o(.ARM.Collect$$libinit$$00000021)
    .ARM.Collect$$libinit$$00000023          0x0000c1fa   Section        0  libinit2.o(.ARM.Collect$$libinit$$00000023)
    .ARM.Collect$$libinit$$00000025          0x0000c1fa   Section        0  libinit2.o(.ARM.Collect$$libinit$$00000025)
    .ARM.Collect$$libinit$$00000027          0x0000c1fa   Section        0  libinit2.o(.ARM.Collect$$libinit$$00000027)
    .ARM.Collect$$libinit$$0000002E          0x0000c1fa   Section        0  libinit2.o(.ARM.Collect$$libinit$$0000002E)
    .ARM.Collect$$libinit$$00000030          0x0000c1fa   Section        0  libinit2.o(.ARM.Collect$$libinit$$00000030)
    .ARM.Collect$$libinit$$00000032          0x0000c1fa   Section        0  libinit2.o(.ARM.Collect$$libinit$$00000032)
    .ARM.Collect$$libinit$$00000034          0x0000c1fa   Section        0  libinit2.o(.ARM.Collect$$libinit$$00000034)
    .ARM.Collect$$libinit$$00000035          0x0000c1fa   Section        2  libinit2.o(.ARM.Collect$$libinit$$00000035)
    .ARM.Collect$$libshutdown$$00000000      0x0000c1fc   Section        2  libshutdown.o(.ARM.Collect$$libshutdown$$00000000)
    .ARM.Collect$$libshutdown$$00000002      0x0000c1fe   Section        0  libshutdown2.o(.ARM.Collect$$libshutdown$$00000002)
    .ARM.Collect$$libshutdown$$00000004      0x0000c1fe   Section        0  libshutdown2.o(.ARM.Collect$$libshutdown$$00000004)
    .ARM.Collect$$libshutdown$$00000007      0x0000c1fe   Section        0  libshutdown2.o(.ARM.Collect$$libshutdown$$00000007)
    .ARM.Collect$$libshutdown$$0000000A      0x0000c1fe   Section        0  libshutdown2.o(.ARM.Collect$$libshutdown$$0000000A)
    .ARM.Collect$$libshutdown$$0000000C      0x0000c1fe   Section        0  libshutdown2.o(.ARM.Collect$$libshutdown$$0000000C)
    .ARM.Collect$$libshutdown$$0000000F      0x0000c1fe   Section        0  libshutdown2.o(.ARM.Collect$$libshutdown$$0000000F)
    .ARM.Collect$$libshutdown$$00000010      0x0000c1fe   Section        2  libshutdown2.o(.ARM.Collect$$libshutdown$$00000010)
    .ARM.Collect$$rtentry$$00000000          0x0000c200   Section        0  __rtentry.o(.ARM.Collect$$rtentry$$00000000)
    .ARM.Collect$$rtentry$$00000002          0x0000c200   Section        0  __rtentry2.o(.ARM.Collect$$rtentry$$00000002)
    .ARM.Collect$$rtentry$$00000004          0x0000c200   Section        6  __rtentry4.o(.ARM.Collect$$rtentry$$00000004)
    .ARM.Collect$$rtentry$$00000008          0x0000c206   Section        8  __rtentry2.o(.ARM.Collect$$rtentry$$00000008)
    .ARM.Collect$$rtentry$$0000000A          0x0000c20e   Section        4  __rtentry2.o(.ARM.Collect$$rtentry$$0000000A)
    .ARM.Collect$$rtentry$$0000000C          0x0000c212   Section        0  __rtentry2.o(.ARM.Collect$$rtentry$$0000000C)
    .ARM.Collect$$rtentry$$0000000D          0x0000c212   Section        8  __rtentry2.o(.ARM.Collect$$rtentry$$0000000D)
    .ARM.Collect$$rtexit$$00000000           0x0000c21a   Section        2  rtexit.o(.ARM.Collect$$rtexit$$00000000)
    .ARM.Collect$$rtexit$$00000002           0x0000c21c   Section        0  rtexit2.o(.ARM.Collect$$rtexit$$00000002)
    .ARM.Collect$$rtexit$$00000003           0x0000c21c   Section        4  rtexit2.o(.ARM.Collect$$rtexit$$00000003)
    .ARM.Collect$$rtexit$$00000004           0x0000c220   Section        6  rtexit2.o(.ARM.Collect$$rtexit$$00000004)
    $v0                                      0x0000c228   Number         0  startup_apollo3p_1.o(.text)
    .text                                    0x0000c228   Section       24  startup_apollo3p_1.o(.text)
    [Anonymous Symbol]                       0x0000c240   Section        0  irq_armv7m.o(.text)
    SVC_Context                              0x0000c268   Number         0  irq_armv7m.o(.text)
    SVC_FP_LazyState                         0x0000c278   Number         0  irq_armv7m.o(.text)
    SVC_ContextSave                          0x0000c28a   Number         0  irq_armv7m.o(.text)
    SVC_ContextRestore                       0x0000c2a0   Number         0  irq_armv7m.o(.text)
    SVC_Exit                                 0x0000c2bc   Number         0  irq_armv7m.o(.text)
    SVC_User                                 0x0000c2be   Number         0  irq_armv7m.o(.text)
    .text                                    0x0000c308   Section      138  rt_memcpy_v6.o(.text)
    .text                                    0x0000c392   Section      100  rt_memcpy_w.o(.text)
    .text                                    0x0000c3f6   Section       68  rt_memclr.o(.text)
    .text                                    0x0000c43a   Section       78  rt_memclr_w.o(.text)
    .text                                    0x0000c488   Section        0  heapauxi.o(.text)
    .text                                    0x0000c490   Section        8  libspace.o(.text)
    .text                                    0x0000c498   Section       74  sys_stackheap_outer.o(.text)
    .text                                    0x0000c4e2   Section        0  exit.o(.text)
    .text                                    0x0000c4f4   Section        0  sys_exit.o(.text)
    .text                                    0x0000c500   Section        2  use_no_semi.o(.text)
    .text                                    0x0000c502   Section        0  indicate_semi.o(.text)
    [Anonymous Symbol]                       0x0000c504   Section        0  rtx_lib.o(.text.$Sub$$_fp_init)
    [Anonymous Symbol]                       0x0000c51c   Section        0  main.o(.text.GPIO_init)
    MessageQueueGet                          0x0000c65d   Thumb Code    64  rtx_msgqueue.o(.text.MessageQueueGet)
    [Anonymous Symbol]                       0x0000c65c   Section        0  rtx_msgqueue.o(.text.MessageQueueGet)
    MessageQueuePut                          0x0000c69d   Thumb Code    88  rtx_msgqueue.o(.text.MessageQueuePut)
    [Anonymous Symbol]                       0x0000c69c   Section        0  rtx_msgqueue.o(.text.MessageQueuePut)
    MessageQueueRemove                       0x0000c6f5   Thumb Code    28  rtx_msgqueue.o(.text.MessageQueueRemove)
    [Anonymous Symbol]                       0x0000c6f4   Section        0  rtx_msgqueue.o(.text.MessageQueueRemove)
    [Anonymous Symbol]                       0x0000c710   Section        0  os_systick.o(.text.OS_Tick_AcknowledgeIRQ)
    __arm_cp.3_0                             0x0000c718   Number         4  os_systick.o(.text.OS_Tick_AcknowledgeIRQ)
    OUTLINED_FUNCTION_0                      0x0000c71d   Thumb Code    12  rtx_kernel.o(.text.OUTLINED_FUNCTION_0)
    [Anonymous Symbol]                       0x0000c71c   Section        0  rtx_kernel.o(.text.OUTLINED_FUNCTION_0)
    OUTLINED_FUNCTION_0                      0x0000c729   Thumb Code    12  rtx_msgqueue.o(.text.OUTLINED_FUNCTION_0)
    [Anonymous Symbol]                       0x0000c728   Section        0  rtx_msgqueue.o(.text.OUTLINED_FUNCTION_0)
    OUTLINED_FUNCTION_1                      0x0000c735   Thumb Code     6  rtx_msgqueue.o(.text.OUTLINED_FUNCTION_1)
    [Anonymous Symbol]                       0x0000c734   Section        0  rtx_msgqueue.o(.text.OUTLINED_FUNCTION_1)
    TimerInsert                              0x0000c73d   Thumb Code    68  rtx_timer.o(.text.TimerInsert)
    [Anonymous Symbol]                       0x0000c73c   Section        0  rtx_timer.o(.text.TimerInsert)
    __arm_cp.9_0                             0x0000c780   Number         4  rtx_timer.o(.text.TimerInsert)
    __tagsym$$used.1                         0x0000c784   Number         0  rtx_lib.o(.text._mutex_acquire)
    [Anonymous Symbol]                       0x0000c784   Section        0  rtx_lib.o(.text._mutex_acquire)
    __tagsym$$used.3                         0x0000c7bc   Number         0  rtx_lib.o(.text._mutex_free)
    [Anonymous Symbol]                       0x0000c7bc   Section        0  rtx_lib.o(.text._mutex_free)
    __tagsym$$used.0                         0x0000c7c4   Number         0  rtx_lib.o(.text._mutex_initialize)
    [Anonymous Symbol]                       0x0000c7c4   Section        0  rtx_lib.o(.text._mutex_initialize)
    __tagsym$$used.2                         0x0000c7e4   Number         0  rtx_lib.o(.text._mutex_release)
    [Anonymous Symbol]                       0x0000c7e4   Section        0  rtx_lib.o(.text._mutex_release)
    [Anonymous Symbol]                       0x0000c818   Section        0  rtx_lib.o(.text._platform_post_stackheap_init)
    [Anonymous Symbol]                       0x0000c820   Section        0  main.o(.text.main)
    [Anonymous Symbol]                       0x0000e0f0   Section        0  rtx_kernel.o(.text.osKernelGetState)
    __arm_cp.5_0                             0x0000e118   Number         4  rtx_kernel.o(.text.osKernelGetState)
    __arm_cp.5_1                             0x0000e11c   Number         4  rtx_kernel.o(.text.osKernelGetState)
    [Anonymous Symbol]                       0x0000e120   Section        0  rtx_kernel.o(.text.osKernelInitialize)
    __arm_cp.2_0                             0x0000e148   Number         4  rtx_kernel.o(.text.osKernelInitialize)
    [Anonymous Symbol]                       0x0000e14c   Section        0  rtx_msgqueue.o(.text.osMessageQueueGet)
    __arm_cp.5_0                             0x0000e1b8   Number         4  rtx_msgqueue.o(.text.osMessageQueueGet)
    [Anonymous Symbol]                       0x0000e1bc   Section        0  rtx_msgqueue.o(.text.osMessageQueuePut)
    __arm_cp.4_0                             0x0000e238   Number         4  rtx_msgqueue.o(.text.osMessageQueuePut)
    [Anonymous Symbol]                       0x0000e23c   Section        0  rtx_mutex.o(.text.osMutexAcquire)
    __arm_cp.4_0                             0x0000e25c   Number         4  rtx_mutex.o(.text.osMutexAcquire)
    [Anonymous Symbol]                       0x0000e260   Section        0  rtx_mutex.o(.text.osMutexDelete)
    __arm_cp.7_0                             0x0000e280   Number         4  rtx_mutex.o(.text.osMutexDelete)
    [Anonymous Symbol]                       0x0000e284   Section        0  rtx_mutex.o(.text.osMutexNew)
    __arm_cp.2_0                             0x0000e2a4   Number         4  rtx_mutex.o(.text.osMutexNew)
    [Anonymous Symbol]                       0x0000e2a8   Section        0  rtx_mutex.o(.text.osMutexRelease)
    __arm_cp.5_0                             0x0000e2c8   Number         4  rtx_mutex.o(.text.osMutexRelease)
    [Anonymous Symbol]                       0x0000e2cc   Section        0  rtx_config.o(.text.osRtxErrorNotify)
    [Anonymous Symbol]                       0x0000e2ce   Section        0  rtx_kernel.o(.text.osRtxKernelErrorNotify)
    [Anonymous Symbol]                       0x0000e2d2   Section        0  rtx_kernel.o(.text.osRtxKernelPreInit)
    [Anonymous Symbol]                       0x0000e2d4   Section        0  rtx_memory.o(.text.osRtxMemoryAlloc)
    [Anonymous Symbol]                       0x0000e340   Section        0  rtx_memory.o(.text.osRtxMemoryFree)
    [Anonymous Symbol]                       0x0000e382   Section        0  rtx_memory.o(.text.osRtxMemoryInit)
    [Anonymous Symbol]                       0x0000e3b8   Section        0  rtx_mempool.o(.text.osRtxMemoryPoolAlloc)
    [Anonymous Symbol]                       0x0000e3f2   Section        0  rtx_mempool.o(.text.osRtxMemoryPoolFree)
    [Anonymous Symbol]                       0x0000e43c   Section        0  rtx_mempool.o(.text.osRtxMemoryPoolInit)
    osRtxMessageQueuePostProcess             0x0000e475   Thumb Code   170  rtx_msgqueue.o(.text.osRtxMessageQueuePostProcess)
    [Anonymous Symbol]                       0x0000e474   Section        0  rtx_msgqueue.o(.text.osRtxMessageQueuePostProcess)
    [Anonymous Symbol]                       0x0000e520   Section        0  rtx_msgqueue.o(.text.osRtxMessageQueueTimerSetup)
    __arm_cp.0_0                             0x0000e540   Number         4  rtx_msgqueue.o(.text.osRtxMessageQueueTimerSetup)
    [Anonymous Symbol]                       0x0000e544   Section        0  rtx_mutex.o(.text.osRtxMutexOwnerRestore)
    [Anonymous Symbol]                       0x0000e58c   Section        0  rtx_system.o(.text.osRtxPendSV_Handler)
    [Anonymous Symbol]                       0x0000e614   Section        0  rtx_system.o(.text.osRtxPostProcess)
    __arm_cp.2_1                             0x0000e680   Number         4  rtx_system.o(.text.osRtxPostProcess)
    osRtxThreadBlock                         0x0000e685   Thumb Code    52  rtx_thread.o(.text.osRtxThreadBlock)
    [Anonymous Symbol]                       0x0000e684   Section        0  rtx_thread.o(.text.osRtxThreadBlock)
    osRtxThreadDelayInsert                   0x0000e6b9   Thumb Code   124  rtx_thread.o(.text.osRtxThreadDelayInsert)
    [Anonymous Symbol]                       0x0000e6b8   Section        0  rtx_thread.o(.text.osRtxThreadDelayInsert)
    osRtxThreadDelayRemove                   0x0000e735   Thumb Code    60  rtx_thread.o(.text.osRtxThreadDelayRemove)
    [Anonymous Symbol]                       0x0000e734   Section        0  rtx_thread.o(.text.osRtxThreadDelayRemove)
    [Anonymous Symbol]                       0x0000e770   Section        0  rtx_thread.o(.text.osRtxThreadDelayTick)
    [Anonymous Symbol]                       0x0000e7c0   Section        0  rtx_thread.o(.text.osRtxThreadDispatch)
    [Anonymous Symbol]                       0x0000e810   Section        0  rtx_thread.o(.text.osRtxThreadListGet)
    [Anonymous Symbol]                       0x0000e822   Section        0  rtx_thread.o(.text.osRtxThreadListPut)
    [Anonymous Symbol]                       0x0000e84e   Section        0  rtx_thread.o(.text.osRtxThreadListRemove)
    [Anonymous Symbol]                       0x0000e862   Section        0  rtx_thread.o(.text.osRtxThreadListSort)
    [Anonymous Symbol]                       0x0000e888   Section        0  rtx_thread.o(.text.osRtxThreadReadyPut)
    [Anonymous Symbol]                       0x0000e898   Section        0  rtx_thread.o(.text.osRtxThreadRegPtr)
    [Anonymous Symbol]                       0x0000e8ac   Section        0  rtx_thread.o(.text.osRtxThreadSwitch)
    [Anonymous Symbol]                       0x0000e8b8   Section        0  rtx_thread.o(.text.osRtxThreadWaitEnter)
    __arm_cp.12_0                            0x0000e8f0   Number         4  rtx_thread.o(.text.osRtxThreadWaitEnter)
    [Anonymous Symbol]                       0x0000e8f4   Section        0  rtx_thread.o(.text.osRtxThreadWaitExit)
    [Anonymous Symbol]                       0x0000e924   Section        0  rtx_system.o(.text.osRtxTick_Handler)
    [Anonymous Symbol]                       0x0000e998   Section        0  rtx_timer.o(.text.osRtxTimerSetup)
    __arm_cp.0_0                             0x0000e9b0   Number         4  rtx_timer.o(.text.osRtxTimerSetup)
    __arm_cp.0_1                             0x0000e9b4   Number         4  rtx_timer.o(.text.osRtxTimerSetup)
    [Anonymous Symbol]                       0x0000e9b8   Section        0  rtx_timer.o(.text.osRtxTimerThread)
    osRtxTimerTick                           0x0000e9d9   Thumb Code   108  rtx_timer.o(.text.osRtxTimerTick)
    [Anonymous Symbol]                       0x0000e9d8   Section        0  rtx_timer.o(.text.osRtxTimerTick)
    svcRtxKernelGetState                     0x0000ea45   Thumb Code     8  rtx_kernel.o(.text.svcRtxKernelGetState)
    [Anonymous Symbol]                       0x0000ea44   Section        0  rtx_kernel.o(.text.svcRtxKernelGetState)
    __arm_cp.6_0                             0x0000ea4c   Number         4  rtx_kernel.o(.text.svcRtxKernelGetState)
    svcRtxKernelInitialize                   0x0000ea51   Thumb Code   244  rtx_kernel.o(.text.svcRtxKernelInitialize)
    [Anonymous Symbol]                       0x0000ea50   Section        0  rtx_kernel.o(.text.svcRtxKernelInitialize)
    __arm_cp.21_0                            0x0000eb44   Number         4  rtx_kernel.o(.text.svcRtxKernelInitialize)
    __arm_cp.21_1                            0x0000eb48   Number         4  rtx_kernel.o(.text.svcRtxKernelInitialize)
    __arm_cp.21_2                            0x0000eb4c   Number         4  rtx_kernel.o(.text.svcRtxKernelInitialize)
    svcRtxMessageQueueGet                    0x0000eb51   Thumb Code   200  rtx_msgqueue.o(.text.svcRtxMessageQueueGet)
    [Anonymous Symbol]                       0x0000eb50   Section        0  rtx_msgqueue.o(.text.svcRtxMessageQueueGet)
    __arm_cp.22_0                            0x0000ec18   Number         4  rtx_msgqueue.o(.text.svcRtxMessageQueueGet)
    svcRtxMessageQueueNew                    0x0000ec1d   Thumb Code   272  rtx_msgqueue.o(.text.svcRtxMessageQueueNew)
    [Anonymous Symbol]                       0x0000ec1c   Section        0  rtx_msgqueue.o(.text.svcRtxMessageQueueNew)
    __arm_cp.1_0                             0x0000ed2c   Number         4  rtx_msgqueue.o(.text.svcRtxMessageQueueNew)
    __arm_cp.1_1                             0x0000ed30   Number         4  rtx_msgqueue.o(.text.svcRtxMessageQueueNew)
    svcRtxMessageQueuePut                    0x0000ed35   Thumb Code   168  rtx_msgqueue.o(.text.svcRtxMessageQueuePut)
    [Anonymous Symbol]                       0x0000ed34   Section        0  rtx_msgqueue.o(.text.svcRtxMessageQueuePut)
    __arm_cp.20_0                            0x0000eddc   Number         4  rtx_msgqueue.o(.text.svcRtxMessageQueuePut)
    svcRtxMutexAcquire                       0x0000ede1   Thumb Code   140  rtx_mutex.o(.text.svcRtxMutexAcquire)
    [Anonymous Symbol]                       0x0000ede0   Section        0  rtx_mutex.o(.text.svcRtxMutexAcquire)
    svcRtxMutexDelete                        0x0000ee6d   Thumb Code   172  rtx_mutex.o(.text.svcRtxMutexDelete)
    [Anonymous Symbol]                       0x0000ee6c   Section        0  rtx_mutex.o(.text.svcRtxMutexDelete)
    svcRtxMutexNew                           0x0000ef19   Thumb Code   100  rtx_mutex.o(.text.svcRtxMutexNew)
    [Anonymous Symbol]                       0x0000ef18   Section        0  rtx_mutex.o(.text.svcRtxMutexNew)
    __arm_cp.8_0                             0x0000ef7c   Number         4  rtx_mutex.o(.text.svcRtxMutexNew)
    svcRtxMutexRelease                       0x0000ef81   Thumb Code   176  rtx_mutex.o(.text.svcRtxMutexRelease)
    [Anonymous Symbol]                       0x0000ef80   Section        0  rtx_mutex.o(.text.svcRtxMutexRelease)
    __arm_cp.11_0                            0x0000f030   Number         4  rtx_mutex.o(.text.svcRtxMutexRelease)
    i.__hardfp_ceil                          0x0000f038   Section        0  ceil.o(i.__hardfp_ceil)
    $v0                                      0x0000f150   Number         0  daddsub_clz.o(x$fpl$dadd)
    x$fpl$dadd                               0x0000f150   Section      336  daddsub_clz.o(x$fpl$dadd)
    _dadd1                                   0x0000f161   Thumb Code     0  daddsub_clz.o(x$fpl$dadd)
    $v0                                      0x0000f2a0   Number         0  dcmpi.o(x$fpl$dcmpinf)
    x$fpl$dcmpinf                            0x0000f2a0   Section       24  dcmpi.o(x$fpl$dcmpinf)
    $v0                                      0x0000f2b8   Number         0  ddiv.o(x$fpl$ddiv)
    x$fpl$ddiv                               0x0000f2b8   Section      692  ddiv.o(x$fpl$ddiv)
    ddiv_entry                               0x0000f2bf   Thumb Code     0  ddiv.o(x$fpl$ddiv)
    $v0                                      0x0000f56c   Number         0  deqf.o(x$fpl$deqf)
    x$fpl$deqf                               0x0000f56c   Section      120  deqf.o(x$fpl$deqf)
    $v0                                      0x0000f5e4   Number         0  dfix.o(x$fpl$dfix)
    x$fpl$dfix                               0x0000f5e4   Section       94  dfix.o(x$fpl$dfix)
    $v0                                      0x0000f642   Number         0  dflt_clz.o(x$fpl$dflt)
    x$fpl$dflt                               0x0000f642   Section       46  dflt_clz.o(x$fpl$dflt)
    $v0                                      0x0000f670   Number         0  dgeqf.o(x$fpl$dgeqf)
    x$fpl$dgeqf                              0x0000f670   Section      120  dgeqf.o(x$fpl$dgeqf)
    $v0                                      0x0000f6e8   Number         0  dleqf.o(x$fpl$dleqf)
    x$fpl$dleqf                              0x0000f6e8   Section      120  dleqf.o(x$fpl$dleqf)
    $v0                                      0x0000f760   Number         0  dmul.o(x$fpl$dmul)
    x$fpl$dmul                               0x0000f760   Section      340  dmul.o(x$fpl$dmul)
    $v0                                      0x0000f8b4   Number         0  dnaninf.o(x$fpl$dnaninf)
    x$fpl$dnaninf                            0x0000f8b4   Section      156  dnaninf.o(x$fpl$dnaninf)
    $v0                                      0x0000f950   Number         0  dretinf.o(x$fpl$dretinf)
    x$fpl$dretinf                            0x0000f950   Section       12  dretinf.o(x$fpl$dretinf)
    $v0                                      0x0000f95c   Number         0  drleqf.o(x$fpl$drleqf)
    x$fpl$drleqf                             0x0000f95c   Section      108  drleqf.o(x$fpl$drleqf)
    $v0                                      0x0000f9c8   Number         0  daddsub_clz.o(x$fpl$drsb)
    x$fpl$drsb                               0x0000f9c8   Section       22  daddsub_clz.o(x$fpl$drsb)
    $v0                                      0x0000f9e0   Number         0  daddsub_clz.o(x$fpl$dsub)
    x$fpl$dsub                               0x0000f9e0   Section      476  daddsub_clz.o(x$fpl$dsub)
    _dsub1                                   0x0000f9f1   Thumb Code     0  daddsub_clz.o(x$fpl$dsub)
    $v0                                      0x0000fbbc   Number         0  dcmp.o(x$fpl$fcmp)
    x$fpl$fcmp                               0x0000fbbc   Section       84  dcmp.o(x$fpl$fcmp)
    $v0                                      0x0000fc10   Number         0  fpinit.o(x$fpl$fpinit)
    x$fpl$fpinit                             0x0000fc10   Section       26  fpinit.o(x$fpl$fpinit)
    x$fpl$usenofp                            0x0000fc2a   Section        0  usenofp.o(x$fpl$usenofp)
    __tagsym$$used.4                         0x0000fc2c   Number         0  rtx_lib.o(.rodata)
    __tagsym$$used.5                         0x0000fc9c   Number         0  rtx_lib.o(.rodata)
    os_idle_thread_attr                      0x0000fcd8   Data          36  rtx_lib.o(.rodata.os_idle_thread_attr)
    [Anonymous Symbol]                       0x0000fcd8   Section        0  rtx_lib.o(.rodata.os_idle_thread_attr)
    os_timer_mq_attr                         0x0000fcfc   Data          24  rtx_lib.o(.rodata.os_timer_mq_attr)
    [Anonymous Symbol]                       0x0000fcfc   Section        0  rtx_lib.o(.rodata.os_timer_mq_attr)
    os_timer_thread_attr                     0x0000fd14   Data          36  rtx_lib.o(.rodata.os_timer_thread_attr)
    [Anonymous Symbol]                       0x0000fd14   Section        0  rtx_lib.o(.rodata.os_timer_thread_attr)
    [Anonymous Symbol]                       0x0000fd38   Section        0  rtx_kernel.o(.rodata.str1.4)
    .L_MergedGlobals                         0x10000000   Data         116  main.o(.data..L_MergedGlobals)
    [Anonymous Symbol]                       0x10000000   Section        0  main.o(.data..L_MergedGlobals)
    .bss                                     0x10010f68   Section       96  libspace.o(.bss)
    .L_MergedGlobals.1                       0x10010fc8   Data         120  main.o(.bss..L_MergedGlobals.1)
    [Anonymous Symbol]                       0x10010fc8   Section        0  main.o(.bss..L_MergedGlobals.1)
    os_isr_queue                             0x10011040   Data          64  rtx_lib.o(.bss.os)
    [Anonymous Symbol]                       0x10011040   Section        0  rtx_lib.o(.bss.os)
    os_mem                                   0x10011080   Data       32768  rtx_lib.o(.bss.os)
    os_timer_mq_cb                           0x10019080   Data          52  rtx_lib.o(.bss.os.msgqueue.cb)
    [Anonymous Symbol]                       0x10019080   Section        0  rtx_lib.o(.bss.os.msgqueue.cb)
    os_timer_mq_data                         0x100190b4   Data          80  rtx_lib.o(.bss.os.msgqueue.mem)
    [Anonymous Symbol]                       0x100190b4   Section        0  rtx_lib.o(.bss.os.msgqueue.mem)
    os_idle_thread_cb                        0x10019104   Data          68  rtx_lib.o(.bss.os.thread.cb)
    [Anonymous Symbol]                       0x10019104   Section        0  rtx_lib.o(.bss.os.thread.cb)
    os_timer_thread_cb                       0x10019148   Data          68  rtx_lib.o(.bss.os.thread.cb)
    os_idle_thread_stack                     0x10019190   Data         512  rtx_lib.o(.bss.os.thread.idle.stack)
    [Anonymous Symbol]                       0x10019190   Section        0  rtx_lib.o(.bss.os.thread.idle.stack)
    os_timer_thread_stack                    0x10019390   Data         512  rtx_lib.o(.bss.os.thread.timer.stack)
    [Anonymous Symbol]                       0x10019390   Section        0  rtx_lib.o(.bss.os.thread.timer.stack)
    os_kernel_is_active.os_kernel_active     0x10019590   Data           1  rtx_lib.o(.bss.os_kernel_is_active.os_kernel_active)
    [Anonymous Symbol]                       0x10019590   Section        0  rtx_lib.o(.bss.os_kernel_is_active.os_kernel_active)
    train                                    0x1001ae18   Data       633472  main.o(.bss.train)
    [Anonymous Symbol]                       0x1001ae18   Section        0  main.o(.bss.train)
    HeapMem                                  0x100b5898   Data           0  startup_apollo3p_1.o(HEAP)
    StackMem                                 0x100b5898   Data           0  startup_apollo3p_1.o(STACK)
    HEAP                                     0x100b5898   Section        0  startup_apollo3p_1.o(HEAP)
    STACK                                    0x100b5898   Section     4096  startup_apollo3p_1.o(STACK)
    FPCCR                                    0xe000ef34   Number         0  irq_armv7m.o ABSOLUTE

    Global Symbols

    Symbol Name                              Value     Ov Type        Size  Object(Section)

    BuildAttributes$$THM_ISAv4$E$P$D$K$B$S$7EM$VFPi3$EXTD16$VFPS$VFMA$PE$A:L22UL41UL21$X:L11$S22US41US21$IEEE1$IW$~IW$USESV6$~STKCKD$USESV7$~SHL$OTIME$ROPI$IEEEX$EBA8$UX$STANDARDLIB$REQ8$PRES8$EABIv2 0x00000000   Number         0  anon$$obj.o ABSOLUTE
    .bss.os.evflags.cb$$Base                  - Undefined Weak Reference
    .bss.os.evflags.cb$$Limit                 - Undefined Weak Reference
    .bss.os.mempool.cb$$Base                  - Undefined Weak Reference
    .bss.os.mempool.cb$$Limit                 - Undefined Weak Reference
    .bss.os.mutex.cb$$Base                    - Undefined Weak Reference
    .bss.os.mutex.cb$$Limit                   - Undefined Weak Reference
    .bss.os.semaphore.cb$$Base                - Undefined Weak Reference
    .bss.os.semaphore.cb$$Limit               - Undefined Weak Reference
    .bss.os.timer.cb$$Base                    - Undefined Weak Reference
    .bss.os.timer.cb$$Limit                   - Undefined Weak Reference
    __ARM_exceptions_init                     - Undefined Weak Reference
    __alloca_initialize                       - Undefined Weak Reference
    __arm_preinit_                            - Undefined Weak Reference
    __arm_relocate_pie_                       - Undefined Weak Reference
    __cpp_initialize__aeabi_                  - Undefined Weak Reference
    __cxa_finalize                            - Undefined Weak Reference
    __rt_locale                               - Undefined Weak Reference
    __sigvec_lookup                           - Undefined Weak Reference
    _atexit_init                              - Undefined Weak Reference
    _call_atexit_fns                          - Undefined Weak Reference
    _clock_init                               - Undefined Weak Reference
    _fp_trap_init                             - Undefined Weak Reference
    _fp_trap_shutdown                         - Undefined Weak Reference
    _get_lc_collate                           - Undefined Weak Reference
    _get_lc_ctype                             - Undefined Weak Reference
    _get_lc_monetary                          - Undefined Weak Reference
    _get_lc_numeric                           - Undefined Weak Reference
    _get_lc_time                              - Undefined Weak Reference
    _getenv_init                              - Undefined Weak Reference
    _handle_redirection                       - Undefined Weak Reference
    _init_alloc                               - Undefined Weak Reference
    _init_user_alloc                          - Undefined Weak Reference
    _initio                                   - Undefined Weak Reference
    _rand_init                                - Undefined Weak Reference
    _signal_finish                            - Undefined Weak Reference
    _signal_init                              - Undefined Weak Reference
    _terminate_alloc                          - Undefined Weak Reference
    _terminate_user_alloc                     - Undefined Weak Reference
    _terminateio                              - Undefined Weak Reference
    __Vectors                                0x0000c000   Data           0  startup_apollo3p_1.o(RESET)
    __Patchable                              0x0000c0c8   Data           0  startup_apollo3p_1.o(RESET)
    Reset_Handler                            0x0000c101   Thumb Code    28  startup_apollo3p_1.o(RESET)
    HardFault_Handler                        0x0000c11d   Thumb Code     2  startup_apollo3p_1.o(RESET)
    NMI_Handler                              0x0000c11f   Thumb Code     2  startup_apollo3p_1.o(RESET)
    MemManage_Handler                        0x0000c121   Thumb Code     2  startup_apollo3p_1.o(RESET)
    BusFault_Handler                         0x0000c123   Thumb Code     2  startup_apollo3p_1.o(RESET)
    UsageFault_Handler                       0x0000c125   Thumb Code     2  startup_apollo3p_1.o(RESET)
    SecureFault_Handler                      0x0000c127   Thumb Code     2  startup_apollo3p_1.o(RESET)
    DebugMon_Handler                         0x0000c12b   Thumb Code     2  startup_apollo3p_1.o(RESET)
    am_adc_isr                               0x0000c131   Thumb Code     0  startup_apollo3p_1.o(RESET)
    am_ble_isr                               0x0000c131   Thumb Code     0  startup_apollo3p_1.o(RESET)
    am_brownout_isr                          0x0000c131   Thumb Code     0  startup_apollo3p_1.o(RESET)
    am_clkgen_isr                            0x0000c131   Thumb Code     0  startup_apollo3p_1.o(RESET)
    am_ctimer_isr                            0x0000c131   Thumb Code     0  startup_apollo3p_1.o(RESET)
    am_gpio_isr                              0x0000c131   Thumb Code     0  startup_apollo3p_1.o(RESET)
    am_iomaster0_isr                         0x0000c131   Thumb Code     0  startup_apollo3p_1.o(RESET)
    am_iomaster1_isr                         0x0000c131   Thumb Code     0  startup_apollo3p_1.o(RESET)
    am_iomaster2_isr                         0x0000c131   Thumb Code     0  startup_apollo3p_1.o(RESET)
    am_iomaster3_isr                         0x0000c131   Thumb Code     0  startup_apollo3p_1.o(RESET)
    am_iomaster4_isr                         0x0000c131   Thumb Code     0  startup_apollo3p_1.o(RESET)
    am_iomaster5_isr                         0x0000c131   Thumb Code     0  startup_apollo3p_1.o(RESET)
    am_ioslave_acc_isr                       0x0000c131   Thumb Code     0  startup_apollo3p_1.o(RESET)
    am_ioslave_ios_isr                       0x0000c131   Thumb Code     0  startup_apollo3p_1.o(RESET)
    am_mspi0_isr                             0x0000c131   Thumb Code     0  startup_apollo3p_1.o(RESET)
    am_mspi1_isr                             0x0000c131   Thumb Code     0  startup_apollo3p_1.o(RESET)
    am_mspi2_isr                             0x0000c131   Thumb Code     0  startup_apollo3p_1.o(RESET)
    am_pdm0_isr                              0x0000c131   Thumb Code     0  startup_apollo3p_1.o(RESET)
    am_rtc_isr                               0x0000c131   Thumb Code     0  startup_apollo3p_1.o(RESET)
    am_scard_isr                             0x0000c131   Thumb Code     0  startup_apollo3p_1.o(RESET)
    am_software0_isr                         0x0000c131   Thumb Code     0  startup_apollo3p_1.o(RESET)
    am_stimer_cmpr0_isr                      0x0000c131   Thumb Code     0  startup_apollo3p_1.o(RESET)
    am_stimer_cmpr1_isr                      0x0000c131   Thumb Code     0  startup_apollo3p_1.o(RESET)
    am_stimer_cmpr2_isr                      0x0000c131   Thumb Code     0  startup_apollo3p_1.o(RESET)
    am_stimer_cmpr3_isr                      0x0000c131   Thumb Code     0  startup_apollo3p_1.o(RESET)
    am_stimer_cmpr4_isr                      0x0000c131   Thumb Code     0  startup_apollo3p_1.o(RESET)
    am_stimer_cmpr5_isr                      0x0000c131   Thumb Code     0  startup_apollo3p_1.o(RESET)
    am_stimer_cmpr6_isr                      0x0000c131   Thumb Code     0  startup_apollo3p_1.o(RESET)
    am_stimer_cmpr7_isr                      0x0000c131   Thumb Code     0  startup_apollo3p_1.o(RESET)
    am_stimer_isr                            0x0000c131   Thumb Code     0  startup_apollo3p_1.o(RESET)
    am_uart0_isr                             0x0000c131   Thumb Code     0  startup_apollo3p_1.o(RESET)
    am_uart1_isr                             0x0000c131   Thumb Code     0  startup_apollo3p_1.o(RESET)
    am_uart_isr                              0x0000c131   Thumb Code     0  startup_apollo3p_1.o(RESET)
    am_vcomp_isr                             0x0000c131   Thumb Code     0  startup_apollo3p_1.o(RESET)
    am_watchdog_isr                          0x0000c131   Thumb Code     0  startup_apollo3p_1.o(RESET)
    __main                                   0x0000c139   Thumb Code     8  __main.o(!!!main)
    __scatterload                            0x0000c141   Thumb Code     0  __scatter.o(!!!scatter)
    __scatterload_rt2                        0x0000c141   Thumb Code    44  __scatter.o(!!!scatter)
    __scatterload_rt2_thumb_only             0x0000c141   Thumb Code     0  __scatter.o(!!!scatter)
    __scatterload_null                       0x0000c14f   Thumb Code     0  __scatter.o(!!!scatter)
    __decompress                             0x0000c175   Thumb Code   100  __dclz77c.o(!!dclz77c)
    __decompress2                            0x0000c175   Thumb Code     0  __dclz77c.o(!!dclz77c)
    __scatterload_zeroinit                   0x0000c1d9   Thumb Code    28  __scatter_zi.o(!!handler_zi)
    __rt_lib_init                            0x0000c1f5   Thumb Code     0  libinit.o(.ARM.Collect$$libinit$$00000000)
    __rt_lib_init_fp_1                       0x0000c1f7   Thumb Code     0  libinit2.o(.ARM.Collect$$libinit$$00000001)
    __rt_lib_init_alloca_1                   0x0000c1fb   Thumb Code     0  libinit2.o(.ARM.Collect$$libinit$$00000030)
    __rt_lib_init_argv_1                     0x0000c1fb   Thumb Code     0  libinit2.o(.ARM.Collect$$libinit$$0000002E)
    __rt_lib_init_atexit_1                   0x0000c1fb   Thumb Code     0  libinit2.o(.ARM.Collect$$libinit$$0000001D)
    __rt_lib_init_clock_1                    0x0000c1fb   Thumb Code     0  libinit2.o(.ARM.Collect$$libinit$$00000023)
    __rt_lib_init_cpp_1                      0x0000c1fb   Thumb Code     0  libinit2.o(.ARM.Collect$$libinit$$00000034)
    __rt_lib_init_exceptions_1               0x0000c1fb   Thumb Code     0  libinit2.o(.ARM.Collect$$libinit$$00000032)
    __rt_lib_init_fp_trap_1                  0x0000c1fb   Thumb Code     0  libinit2.o(.ARM.Collect$$libinit$$00000021)
    __rt_lib_init_getenv_1                   0x0000c1fb   Thumb Code     0  libinit2.o(.ARM.Collect$$libinit$$00000025)
    __rt_lib_init_heap_1                     0x0000c1fb   Thumb Code     0  libinit2.o(.ARM.Collect$$libinit$$0000000C)
    __rt_lib_init_lc_collate_1               0x0000c1fb   Thumb Code     0  libinit2.o(.ARM.Collect$$libinit$$00000013)
    __rt_lib_init_lc_ctype_1                 0x0000c1fb   Thumb Code     0  libinit2.o(.ARM.Collect$$libinit$$00000015)
    __rt_lib_init_lc_monetary_1              0x0000c1fb   Thumb Code     0  libinit2.o(.ARM.Collect$$libinit$$00000017)
    __rt_lib_init_lc_numeric_1               0x0000c1fb   Thumb Code     0  libinit2.o(.ARM.Collect$$libinit$$00000019)
    __rt_lib_init_lc_time_1                  0x0000c1fb   Thumb Code     0  libinit2.o(.ARM.Collect$$libinit$$0000001B)
    __rt_lib_init_preinit_1                  0x0000c1fb   Thumb Code     0  libinit2.o(.ARM.Collect$$libinit$$00000006)
    __rt_lib_init_rand_1                     0x0000c1fb   Thumb Code     0  libinit2.o(.ARM.Collect$$libinit$$00000010)
    __rt_lib_init_relocate_pie_1             0x0000c1fb   Thumb Code     0  libinit2.o(.ARM.Collect$$libinit$$00000004)
    __rt_lib_init_return                     0x0000c1fb   Thumb Code     0  libinit2.o(.ARM.Collect$$libinit$$00000035)
    __rt_lib_init_signal_1                   0x0000c1fb   Thumb Code     0  libinit2.o(.ARM.Collect$$libinit$$0000001F)
    __rt_lib_init_stdio_1                    0x0000c1fb   Thumb Code     0  libinit2.o(.ARM.Collect$$libinit$$00000027)
    __rt_lib_init_user_alloc_1               0x0000c1fb   Thumb Code     0  libinit2.o(.ARM.Collect$$libinit$$0000000E)
    __rt_lib_shutdown                        0x0000c1fd   Thumb Code     0  libshutdown.o(.ARM.Collect$$libshutdown$$00000000)
    __rt_lib_shutdown_cpp_1                  0x0000c1ff   Thumb Code     0  libshutdown2.o(.ARM.Collect$$libshutdown$$00000002)
    __rt_lib_shutdown_fp_trap_1              0x0000c1ff   Thumb Code     0  libshutdown2.o(.ARM.Collect$$libshutdown$$00000007)
    __rt_lib_shutdown_heap_1                 0x0000c1ff   Thumb Code     0  libshutdown2.o(.ARM.Collect$$libshutdown$$0000000F)
    __rt_lib_shutdown_return                 0x0000c1ff   Thumb Code     0  libshutdown2.o(.ARM.Collect$$libshutdown$$00000010)
    __rt_lib_shutdown_signal_1               0x0000c1ff   Thumb Code     0  libshutdown2.o(.ARM.Collect$$libshutdown$$0000000A)
    __rt_lib_shutdown_stdio_1                0x0000c1ff   Thumb Code     0  libshutdown2.o(.ARM.Collect$$libshutdown$$00000004)
    __rt_lib_shutdown_user_alloc_1           0x0000c1ff   Thumb Code     0  libshutdown2.o(.ARM.Collect$$libshutdown$$0000000C)
    __rt_entry                               0x0000c201   Thumb Code     0  __rtentry.o(.ARM.Collect$$rtentry$$00000000)
    __rt_entry_presh_1                       0x0000c201   Thumb Code     0  __rtentry2.o(.ARM.Collect$$rtentry$$00000002)
    __rt_entry_sh                            0x0000c201   Thumb Code     0  __rtentry4.o(.ARM.Collect$$rtentry$$00000004)
    __rt_entry_postsh_1                      0x0000c207   Thumb Code     0  __rtentry2.o(.ARM.Collect$$rtentry$$00000008)
    __rt_entry_li                            0x0000c20f   Thumb Code     0  __rtentry2.o(.ARM.Collect$$rtentry$$0000000A)
    __rt_entry_main                          0x0000c213   Thumb Code     0  __rtentry2.o(.ARM.Collect$$rtentry$$0000000D)
    __rt_entry_postli_1                      0x0000c213   Thumb Code     0  __rtentry2.o(.ARM.Collect$$rtentry$$0000000C)
    __rt_exit                                0x0000c21b   Thumb Code     0  rtexit.o(.ARM.Collect$$rtexit$$00000000)
    __rt_exit_ls                             0x0000c21d   Thumb Code     0  rtexit2.o(.ARM.Collect$$rtexit$$00000003)
    __rt_exit_prels_1                        0x0000c21d   Thumb Code     0  rtexit2.o(.ARM.Collect$$rtexit$$00000002)
    __rt_exit_exit                           0x0000c221   Thumb Code     0  rtexit2.o(.ARM.Collect$$rtexit$$00000004)
    __user_initial_stackheap                 0x0000c229   Thumb Code    10  startup_apollo3p_1.o(.text)
    SVC_Handler                              0x0000c241   Thumb Code   154  irq_armv7m.o(.text)
    PendSV_Handler                           0x0000c2db   Thumb Code    16  irq_armv7m.o(.text)
    SysTick_Handler                          0x0000c2eb   Thumb Code    16  irq_armv7m.o(.text)
    __aeabi_memcpy                           0x0000c309   Thumb Code     0  rt_memcpy_v6.o(.text)
    __rt_memcpy                              0x0000c309   Thumb Code   138  rt_memcpy_v6.o(.text)
    _memcpy_lastbytes                        0x0000c36f   Thumb Code     0  rt_memcpy_v6.o(.text)
    __aeabi_memcpy4                          0x0000c393   Thumb Code     0  rt_memcpy_w.o(.text)
    __aeabi_memcpy8                          0x0000c393   Thumb Code     0  rt_memcpy_w.o(.text)
    __rt_memcpy_w                            0x0000c393   Thumb Code   100  rt_memcpy_w.o(.text)
    _memcpy_lastbytes_aligned                0x0000c3db   Thumb Code     0  rt_memcpy_w.o(.text)
    __aeabi_memclr                           0x0000c3f7   Thumb Code     0  rt_memclr.o(.text)
    __rt_memclr                              0x0000c3f7   Thumb Code     0  rt_memclr.o(.text)
    _memset                                  0x0000c3fb   Thumb Code    64  rt_memclr.o(.text)
    __aeabi_memclr4                          0x0000c43b   Thumb Code     0  rt_memclr_w.o(.text)
    __aeabi_memclr8                          0x0000c43b   Thumb Code     0  rt_memclr_w.o(.text)
    __rt_memclr_w                            0x0000c43b   Thumb Code     0  rt_memclr_w.o(.text)
    _memset_w                                0x0000c43f   Thumb Code    74  rt_memclr_w.o(.text)
    __use_two_region_memory                  0x0000c489   Thumb Code     2  heapauxi.o(.text)
    __rt_heap_escrow$2region                 0x0000c48b   Thumb Code     2  heapauxi.o(.text)
    __rt_heap_expand$2region                 0x0000c48d   Thumb Code     2  heapauxi.o(.text)
    __user_libspace                          0x0000c491   Thumb Code     8  libspace.o(.text)
    __user_perproc_libspace                  0x0000c491   Thumb Code     0  libspace.o(.text)
    __user_setup_stackheap                   0x0000c499   Thumb Code    74  sys_stackheap_outer.o(.text)
    exit                                     0x0000c4e3   Thumb Code    18  exit.o(.text)
    _sys_exit                                0x0000c4f5   Thumb Code     8  sys_exit.o(.text)
    __I$use$semihosting                      0x0000c501   Thumb Code     0  use_no_semi.o(.text)
    __use_no_semihosting_swi                 0x0000c501   Thumb Code     2  use_no_semi.o(.text)
    __semihosting_library_function           0x0000c503   Thumb Code     0  indicate_semi.o(.text)
    _fp_init                                 0x0000c505   Thumb Code    22  rtx_lib.o(.text.$Sub$$_fp_init)
    GPIO_init                                0x0000c51d   Thumb Code   320  main.o(.text.GPIO_init)
    OS_Tick_AcknowledgeIRQ                   0x0000c711   Thumb Code     8  os_systick.o(.text.OS_Tick_AcknowledgeIRQ)
    _mutex_acquire                           0x0000c785   Thumb Code    54  rtx_lib.o(.text._mutex_acquire)
    _mutex_free                              0x0000c7bd   Thumb Code     6  rtx_lib.o(.text._mutex_free)
    _mutex_initialize                        0x0000c7c5   Thumb Code    32  rtx_lib.o(.text._mutex_initialize)
    _mutex_release                           0x0000c7e5   Thumb Code    50  rtx_lib.o(.text._mutex_release)
    _platform_post_stackheap_init            0x0000c819   Thumb Code     4  rtx_lib.o(.text._platform_post_stackheap_init)
    main                                     0x0000c821   Thumb Code  6350  main.o(.text.main)
    osKernelGetState                         0x0000e0f1   Thumb Code    40  rtx_kernel.o(.text.osKernelGetState)
    osKernelInitialize                       0x0000e121   Thumb Code    40  rtx_kernel.o(.text.osKernelInitialize)
    osMessageQueueGet                        0x0000e14d   Thumb Code   108  rtx_msgqueue.o(.text.osMessageQueueGet)
    osMessageQueuePut                        0x0000e1bd   Thumb Code   124  rtx_msgqueue.o(.text.osMessageQueuePut)
    osMutexAcquire                           0x0000e23d   Thumb Code    32  rtx_mutex.o(.text.osMutexAcquire)
    osMutexDelete                            0x0000e261   Thumb Code    32  rtx_mutex.o(.text.osMutexDelete)
    osMutexNew                               0x0000e285   Thumb Code    32  rtx_mutex.o(.text.osMutexNew)
    osMutexRelease                           0x0000e2a9   Thumb Code    32  rtx_mutex.o(.text.osMutexRelease)
    osRtxErrorNotify                         0x0000e2cd   Thumb Code     2  rtx_config.o(.text.osRtxErrorNotify)
    osRtxKernelErrorNotify                   0x0000e2cf   Thumb Code     4  rtx_kernel.o(.text.osRtxKernelErrorNotify)
    osRtxKernelPreInit                       0x0000e2d3   Thumb Code     2  rtx_kernel.o(.text.osRtxKernelPreInit)
    osRtxMemoryAlloc                         0x0000e2d5   Thumb Code   108  rtx_memory.o(.text.osRtxMemoryAlloc)
    osRtxMemoryFree                          0x0000e341   Thumb Code    66  rtx_memory.o(.text.osRtxMemoryFree)
    osRtxMemoryInit                          0x0000e383   Thumb Code    54  rtx_memory.o(.text.osRtxMemoryInit)
    osRtxMemoryPoolAlloc                     0x0000e3b9   Thumb Code    58  rtx_mempool.o(.text.osRtxMemoryPoolAlloc)
    osRtxMemoryPoolFree                      0x0000e3f3   Thumb Code    74  rtx_mempool.o(.text.osRtxMemoryPoolFree)
    osRtxMemoryPoolInit                      0x0000e43d   Thumb Code    56  rtx_mempool.o(.text.osRtxMemoryPoolInit)
    osRtxMessageQueueTimerSetup              0x0000e521   Thumb Code    32  rtx_msgqueue.o(.text.osRtxMessageQueueTimerSetup)
    osRtxMutexOwnerRestore                   0x0000e545   Thumb Code    72  rtx_mutex.o(.text.osRtxMutexOwnerRestore)
    osRtxPendSV_Handler                      0x0000e58d   Thumb Code   136  rtx_system.o(.text.osRtxPendSV_Handler)
    osRtxPostProcess                         0x0000e615   Thumb Code   108  rtx_system.o(.text.osRtxPostProcess)
    osRtxThreadDelayTick                     0x0000e771   Thumb Code    80  rtx_thread.o(.text.osRtxThreadDelayTick)
    osRtxThreadDispatch                      0x0000e7c1   Thumb Code    80  rtx_thread.o(.text.osRtxThreadDispatch)
    osRtxThreadListGet                       0x0000e811   Thumb Code    18  rtx_thread.o(.text.osRtxThreadListGet)
    osRtxThreadListPut                       0x0000e823   Thumb Code    44  rtx_thread.o(.text.osRtxThreadListPut)
    osRtxThreadListRemove                    0x0000e84f   Thumb Code    20  rtx_thread.o(.text.osRtxThreadListRemove)
    osRtxThreadListSort                      0x0000e863   Thumb Code    38  rtx_thread.o(.text.osRtxThreadListSort)
    osRtxThreadReadyPut                      0x0000e889   Thumb Code    16  rtx_thread.o(.text.osRtxThreadReadyPut)
    osRtxThreadRegPtr                        0x0000e899   Thumb Code    20  rtx_thread.o(.text.osRtxThreadRegPtr)
    osRtxThreadSwitch                        0x0000e8ad   Thumb Code    12  rtx_thread.o(.text.osRtxThreadSwitch)
    osRtxThreadWaitEnter                     0x0000e8b9   Thumb Code    56  rtx_thread.o(.text.osRtxThreadWaitEnter)
    osRtxThreadWaitExit                      0x0000e8f5   Thumb Code    48  rtx_thread.o(.text.osRtxThreadWaitExit)
    osRtxTick_Handler                        0x0000e925   Thumb Code   116  rtx_system.o(.text.osRtxTick_Handler)
    osRtxTimerSetup                          0x0000e999   Thumb Code    24  rtx_timer.o(.text.osRtxTimerSetup)
    osRtxTimerThread                         0x0000e9b9   Thumb Code    32  rtx_timer.o(.text.osRtxTimerThread)
    __hardfp_ceil                            0x0000f039   Thumb Code   252  ceil.o(i.__hardfp_ceil)
    __aeabi_dadd                             0x0000f151   Thumb Code     0  daddsub_clz.o(x$fpl$dadd)
    _dadd                                    0x0000f151   Thumb Code   332  daddsub_clz.o(x$fpl$dadd)
    __fpl_dcmp_Inf                           0x0000f2a1   Thumb Code    24  dcmpi.o(x$fpl$dcmpinf)
    __aeabi_ddiv                             0x0000f2b9   Thumb Code     0  ddiv.o(x$fpl$ddiv)
    _ddiv                                    0x0000f2b9   Thumb Code   556  ddiv.o(x$fpl$ddiv)
    __aeabi_cdcmpeq                          0x0000f56d   Thumb Code     0  deqf.o(x$fpl$deqf)
    _dcmpeq                                  0x0000f56d   Thumb Code   120  deqf.o(x$fpl$deqf)
    __aeabi_d2iz                             0x0000f5e5   Thumb Code     0  dfix.o(x$fpl$dfix)
    _dfix                                    0x0000f5e5   Thumb Code    94  dfix.o(x$fpl$dfix)
    __aeabi_i2d                              0x0000f643   Thumb Code     0  dflt_clz.o(x$fpl$dflt)
    _dflt                                    0x0000f643   Thumb Code    46  dflt_clz.o(x$fpl$dflt)
    __aeabi_cdcmpge                          0x0000f671   Thumb Code     0  dgeqf.o(x$fpl$dgeqf)
    _dcmpge                                  0x0000f671   Thumb Code   120  dgeqf.o(x$fpl$dgeqf)
    __aeabi_cdcmple                          0x0000f6e9   Thumb Code     0  dleqf.o(x$fpl$dleqf)
    _dcmple                                  0x0000f6e9   Thumb Code   120  dleqf.o(x$fpl$dleqf)
    __fpl_dcmple_InfNaN                      0x0000f74b   Thumb Code     0  dleqf.o(x$fpl$dleqf)
    __aeabi_dmul                             0x0000f761   Thumb Code     0  dmul.o(x$fpl$dmul)
    _dmul                                    0x0000f761   Thumb Code   332  dmul.o(x$fpl$dmul)
    __fpl_dnaninf                            0x0000f8b5   Thumb Code   156  dnaninf.o(x$fpl$dnaninf)
    __fpl_dretinf                            0x0000f951   Thumb Code    12  dretinf.o(x$fpl$dretinf)
    __aeabi_cdrcmple                         0x0000f95d   Thumb Code     0  drleqf.o(x$fpl$drleqf)
    _drcmple                                 0x0000f95d   Thumb Code   108  drleqf.o(x$fpl$drleqf)
    __aeabi_drsub                            0x0000f9c9   Thumb Code     0  daddsub_clz.o(x$fpl$drsb)
    _drsb                                    0x0000f9c9   Thumb Code    22  daddsub_clz.o(x$fpl$drsb)
    __aeabi_dsub                             0x0000f9e1   Thumb Code     0  daddsub_clz.o(x$fpl$dsub)
    _dsub                                    0x0000f9e1   Thumb Code   472  daddsub_clz.o(x$fpl$dsub)
    __aeabi_dcmpeq                           0x0000fbbd   Thumb Code     0  dcmp.o(x$fpl$fcmp)
    _deq                                     0x0000fbbd   Thumb Code    14  dcmp.o(x$fpl$fcmp)
    _dneq                                    0x0000fbcb   Thumb Code    14  dcmp.o(x$fpl$fcmp)
    __aeabi_dcmpgt                           0x0000fbd9   Thumb Code     0  dcmp.o(x$fpl$fcmp)
    _dgr                                     0x0000fbd9   Thumb Code    14  dcmp.o(x$fpl$fcmp)
    __aeabi_dcmpge                           0x0000fbe7   Thumb Code     0  dcmp.o(x$fpl$fcmp)
    _dgeq                                    0x0000fbe7   Thumb Code    14  dcmp.o(x$fpl$fcmp)
    __aeabi_dcmple                           0x0000fbf5   Thumb Code     0  dcmp.o(x$fpl$fcmp)
    _dleq                                    0x0000fbf5   Thumb Code    14  dcmp.o(x$fpl$fcmp)
    __aeabi_dcmplt                           0x0000fc03   Thumb Code     0  dcmp.o(x$fpl$fcmp)
    _dls                                     0x0000fc03   Thumb Code    14  dcmp.o(x$fpl$fcmp)
    $Super$$_fp_init                         0x0000fc11   Thumb Code    26  fpinit.o(x$fpl$fpinit)
    __fplib_config_fpu_vfp                   0x0000fc29   Thumb Code     0  fpinit.o(x$fpl$fpinit)
    __fplib_config_pureend_doubles           0x0000fc29   Thumb Code     0  fpinit.o(x$fpl$fpinit)
    __I$use$fp                               0x0000fc2a   Number         0  usenofp.o(x$fpl$usenofp)
    osRtxConfig                              0x0000fc2c   Data         112  rtx_lib.o(.rodata)
    os_cb_sections                           0x0000fc9c   Data          56  rtx_lib.o(.rodata)
    osRtxUserSVC                             0x0000fcd4   Data           4  rtx_lib.o(.rodata.osRtxUserSVC)
    Region$$Table$$Base                      0x0000fd44   Number         0  anon$$obj.o(Region$$Table)
    Region$$Table$$Limit                     0x0000fd64   Number         0  anon$$obj.o(Region$$Table)
    t                                        0x10000000   Data           4  main.o(.data..L_MergedGlobals)
    ox                                       0x10000004   Data           4  main.o(.data..L_MergedGlobals)
    oy                                       0x10000008   Data           4  main.o(.data..L_MergedGlobals)
    actual_label                             0x1000000c   Data           4  main.o(.data..L_MergedGlobals)
    p_rest                                   0x10000010   Data           8  main.o(.data..L_MergedGlobals)
    p_inhibit                                0x10000018   Data           8  main.o(.data..L_MergedGlobals)
    p_th                                     0x10000020   Data           8  main.o(.data..L_MergedGlobals)
    p_hyperpolarization                      0x10000028   Data           8  main.o(.data..L_MergedGlobals)
    p_drop                                   0x10000030   Data           8  main.o(.data..L_MergedGlobals)
    ran                                      0x10000038   Data          20  main.o(.data..L_MergedGlobals)
    neuron_labels                            0x1000004c   Data          40  main.o(.data..L_MergedGlobals)
    actual_img                               0x10000078   Data        6272  main.o(.data.actual_img)
    osRtxInfo                                0x100018f8   Data         164  rtx_kernel.o(.data.os)
    synapse                                  0x100019a0   Data       62720  main.o(.data.synapse)
    w                                        0x10010ea0   Data         200  main.o(.data.w)
    __libspace_start                         0x10010f68   Data          96  libspace.o(.bss)
    __temporary_stack_top$libspace           0x10010fc8   Data           0  libspace.o(.bss)
    count_spikes                             0x10010fc8   Data          40  main.o(.bss..L_MergedGlobals.1)
    active_pot                               0x10010ff0   Data          80  main.o(.bss..L_MergedGlobals.1)
    .bss.os.msgqueue.cb$$Base                0x10019080   Number         0  rtx_lib.o(.bss.os.msgqueue.cb)
    .bss.os.msgqueue.cb$$Limit               0x100190b4   Number         0  rtx_lib.o(.bss.os.msgqueue.cb)
    .bss.os.thread.cb$$Base                  0x10019104   Number         0  rtx_lib.o(.bss.os.thread.cb)
    .bss.os.thread.cb$$Limit                 0x1001918c   Number         0  rtx_lib.o(.bss.os.thread.cb)
    pot                                      0x10019598   Data        6272  main.o(.bss.pot)



==============================================================================

Memory Map of the image

  Image Entry point : 0x0000c139

  Load Region LR_IROM1 (Base: 0x0000c000, Size: 0x00014cd0, Max: 0x001f4000, ABSOLUTE, COMPRESSED[0x00004b38])

    Execution Region ER_IROM1 (Exec base: 0x0000c000, Load base: 0x0000c000, Size: 0x00003d64, Max: 0x001f4000, ABSOLUTE)

    Exec Addr    Load Addr    Size         Type   Attr      Idx    E Section Name        Object

    0x0000c000   0x0000c000   0x00000138   Code   RO         1833    RESET               startup_apollo3p_1.o
    0x0000c138   0x0000c138   0x00000008   Code   RO         2379  * !!!main             c_w.l(__main.o)
    0x0000c140   0x0000c140   0x00000034   Code   RO         2712    !!!scatter          c_w.l(__scatter.o)
    0x0000c174   0x0000c174   0x00000064   Code   RO         2710    !!dclz77c           c_w.l(__dclz77c.o)
    0x0000c1d8   0x0000c1d8   0x0000001c   Code   RO         2714    !!handler_zi        c_w.l(__scatter_zi.o)
    0x0000c1f4   0x0000c1f4   0x00000002   Code   RO         2577    .ARM.Collect$$libinit$$00000000  c_w.l(libinit.o)
    0x0000c1f6   0x0000c1f6   0x00000004   Code   RO         2586    .ARM.Collect$$libinit$$00000001  c_w.l(libinit2.o)
    0x0000c1fa   0x0000c1fa   0x00000000   Code   RO         2589    .ARM.Collect$$libinit$$00000004  c_w.l(libinit2.o)
    0x0000c1fa   0x0000c1fa   0x00000000   Code   RO         2591    .ARM.Collect$$libinit$$00000006  c_w.l(libinit2.o)
    0x0000c1fa   0x0000c1fa   0x00000000   Code   RO         2594    .ARM.Collect$$libinit$$0000000C  c_w.l(libinit2.o)
    0x0000c1fa   0x0000c1fa   0x00000000   Code   RO         2596    .ARM.Collect$$libinit$$0000000E  c_w.l(libinit2.o)
    0x0000c1fa   0x0000c1fa   0x00000000   Code   RO         2598    .ARM.Collect$$libinit$$00000010  c_w.l(libinit2.o)
    0x0000c1fa   0x0000c1fa   0x00000000   Code   RO         2601    .ARM.Collect$$libinit$$00000013  c_w.l(libinit2.o)
    0x0000c1fa   0x0000c1fa   0x00000000   Code   RO         2603    .ARM.Collect$$libinit$$00000015  c_w.l(libinit2.o)
    0x0000c1fa   0x0000c1fa   0x00000000   Code   RO         2605    .ARM.Collect$$libinit$$00000017  c_w.l(libinit2.o)
    0x0000c1fa   0x0000c1fa   0x00000000   Code   RO         2607    .ARM.Collect$$libinit$$00000019  c_w.l(libinit2.o)
    0x0000c1fa   0x0000c1fa   0x00000000   Code   RO         2609    .ARM.Collect$$libinit$$0000001B  c_w.l(libinit2.o)
    0x0000c1fa   0x0000c1fa   0x00000000   Code   RO         2611    .ARM.Collect$$libinit$$0000001D  c_w.l(libinit2.o)
    0x0000c1fa   0x0000c1fa   0x00000000   Code   RO         2613    .ARM.Collect$$libinit$$0000001F  c_w.l(libinit2.o)
    0x0000c1fa   0x0000c1fa   0x00000000   Code   RO         2615    .ARM.Collect$$libinit$$00000021  c_w.l(libinit2.o)
    0x0000c1fa   0x0000c1fa   0x00000000   Code   RO         2617    .ARM.Collect$$libinit$$00000023  c_w.l(libinit2.o)
    0x0000c1fa   0x0000c1fa   0x00000000   Code   RO         2619    .ARM.Collect$$libinit$$00000025  c_w.l(libinit2.o)
    0x0000c1fa   0x0000c1fa   0x00000000   Code   RO         2621    .ARM.Collect$$libinit$$00000027  c_w.l(libinit2.o)
    0x0000c1fa   0x0000c1fa   0x00000000   Code   RO         2625    .ARM.Collect$$libinit$$0000002E  c_w.l(libinit2.o)
    0x0000c1fa   0x0000c1fa   0x00000000   Code   RO         2627    .ARM.Collect$$libinit$$00000030  c_w.l(libinit2.o)
    0x0000c1fa   0x0000c1fa   0x00000000   Code   RO         2629    .ARM.Collect$$libinit$$00000032  c_w.l(libinit2.o)
    0x0000c1fa   0x0000c1fa   0x00000000   Code   RO         2631    .ARM.Collect$$libinit$$00000034  c_w.l(libinit2.o)
    0x0000c1fa   0x0000c1fa   0x00000002   Code   RO         2632    .ARM.Collect$$libinit$$00000035  c_w.l(libinit2.o)
    0x0000c1fc   0x0000c1fc   0x00000002   Code   RO         2665    .ARM.Collect$$libshutdown$$00000000  c_w.l(libshutdown.o)
    0x0000c1fe   0x0000c1fe   0x00000000   Code   RO         2693    .ARM.Collect$$libshutdown$$00000002  c_w.l(libshutdown2.o)
    0x0000c1fe   0x0000c1fe   0x00000000   Code   RO         2695    .ARM.Collect$$libshutdown$$00000004  c_w.l(libshutdown2.o)
    0x0000c1fe   0x0000c1fe   0x00000000   Code   RO         2698    .ARM.Collect$$libshutdown$$00000007  c_w.l(libshutdown2.o)
    0x0000c1fe   0x0000c1fe   0x00000000   Code   RO         2701    .ARM.Collect$$libshutdown$$0000000A  c_w.l(libshutdown2.o)
    0x0000c1fe   0x0000c1fe   0x00000000   Code   RO         2703    .ARM.Collect$$libshutdown$$0000000C  c_w.l(libshutdown2.o)
    0x0000c1fe   0x0000c1fe   0x00000000   Code   RO         2706    .ARM.Collect$$libshutdown$$0000000F  c_w.l(libshutdown2.o)
    0x0000c1fe   0x0000c1fe   0x00000002   Code   RO         2707    .ARM.Collect$$libshutdown$$00000010  c_w.l(libshutdown2.o)
    0x0000c200   0x0000c200   0x00000000   Code   RO         2474    .ARM.Collect$$rtentry$$00000000  c_w.l(__rtentry.o)
    0x0000c200   0x0000c200   0x00000000   Code   RO         2538    .ARM.Collect$$rtentry$$00000002  c_w.l(__rtentry2.o)
    0x0000c200   0x0000c200   0x00000006   Code   RO         2550    .ARM.Collect$$rtentry$$00000004  c_w.l(__rtentry4.o)
    0x0000c206   0x0000c206   0x00000008   Code   RO         2539    .ARM.Collect$$rtentry$$00000008  c_w.l(__rtentry2.o)
    0x0000c20e   0x0000c20e   0x00000004   Code   RO         2541    .ARM.Collect$$rtentry$$0000000A  c_w.l(__rtentry2.o)
    0x0000c212   0x0000c212   0x00000000   Code   RO         2543    .ARM.Collect$$rtentry$$0000000C  c_w.l(__rtentry2.o)
    0x0000c212   0x0000c212   0x00000008   Code   RO         2544    .ARM.Collect$$rtentry$$0000000D  c_w.l(__rtentry2.o)
    0x0000c21a   0x0000c21a   0x00000002   Code   RO         2578    .ARM.Collect$$rtexit$$00000000  c_w.l(rtexit.o)
    0x0000c21c   0x0000c21c   0x00000000   Code   RO         2638    .ARM.Collect$$rtexit$$00000002  c_w.l(rtexit2.o)
    0x0000c21c   0x0000c21c   0x00000004   Code   RO         2639    .ARM.Collect$$rtexit$$00000003  c_w.l(rtexit2.o)
    0x0000c220   0x0000c220   0x00000006   Code   RO         2640    .ARM.Collect$$rtexit$$00000004  c_w.l(rtexit2.o)
    0x0000c226   0x0000c226   0x00000002   PAD
    0x0000c228   0x0000c228   0x00000018   Code   RO         1834    .text               startup_apollo3p_1.o
    0x0000c240   0x0000c240   0x000000c8   Code   RO         2299    .text               RTX_CM4F.lib(irq_armv7m.o)
    0x0000c308   0x0000c308   0x0000008a   Code   RO         2367    .text               c_w.l(rt_memcpy_v6.o)
    0x0000c392   0x0000c392   0x00000064   Code   RO         2369    .text               c_w.l(rt_memcpy_w.o)
    0x0000c3f6   0x0000c3f6   0x00000044   Code   RO         2373    .text               c_w.l(rt_memclr.o)
    0x0000c43a   0x0000c43a   0x0000004e   Code   RO         2375    .text               c_w.l(rt_memclr_w.o)
    0x0000c488   0x0000c488   0x00000006   Code   RO         2377    .text               c_w.l(heapauxi.o)
    0x0000c48e   0x0000c48e   0x00000002   PAD
    0x0000c490   0x0000c490   0x00000008   Code   RO         2563    .text               c_w.l(libspace.o)
    0x0000c498   0x0000c498   0x0000004a   Code   RO         2566    .text               c_w.l(sys_stackheap_outer.o)
    0x0000c4e2   0x0000c4e2   0x00000012   Code   RO         2568    .text               c_w.l(exit.o)
    0x0000c4f4   0x0000c4f4   0x0000000c   Code   RO         2633    .text               c_w.l(sys_exit.o)
    0x0000c500   0x0000c500   0x00000002   Code   RO         2654    .text               c_w.l(use_no_semi.o)
    0x0000c502   0x0000c502   0x00000000   Code   RO         2656    .text               c_w.l(indicate_semi.o)
    0x0000c502   0x0000c502   0x00000002   PAD
    0x0000c504   0x0000c504   0x00000016   Code   RO         1786    .text.$Sub$$_fp_init  rtx_lib.o
    0x0000c51a   0x0000c51a   0x00000002   PAD
    0x0000c51c   0x0000c51c   0x00000140   Code   RO           10    .text.GPIO_init     main.o
    0x0000c65c   0x0000c65c   0x00000040   Code   RO         2280    .text.MessageQueueGet  RTX_CM4F.lib(rtx_msgqueue.o)
    0x0000c69c   0x0000c69c   0x00000058   Code   RO         2274    .text.MessageQueuePut  RTX_CM4F.lib(rtx_msgqueue.o)
    0x0000c6f4   0x0000c6f4   0x0000001c   Code   RO         2272    .text.MessageQueueRemove  RTX_CM4F.lib(rtx_msgqueue.o)
    0x0000c710   0x0000c710   0x0000000c   Code   RO         2341    .text.OS_Tick_AcknowledgeIRQ  RTX_CM4F.lib(os_systick.o)
    0x0000c71c   0x0000c71c   0x0000000c   Code   RO         1914    .text.OUTLINED_FUNCTION_0  RTX_CM4F.lib(rtx_kernel.o)
    0x0000c728   0x0000c728   0x0000000c   Code   RO         2288    .text.OUTLINED_FUNCTION_0  RTX_CM4F.lib(rtx_msgqueue.o)
    0x0000c734   0x0000c734   0x00000006   Code   RO         2290    .text.OUTLINED_FUNCTION_1  RTX_CM4F.lib(rtx_msgqueue.o)
    0x0000c73a   0x0000c73a   0x00000002   PAD
    0x0000c73c   0x0000c73c   0x00000048   Code   RO         2090    .text.TimerInsert   RTX_CM4F.lib(rtx_timer.o)
    0x0000c784   0x0000c784   0x00000036   Code   RO         1792    .text._mutex_acquire  rtx_lib.o
    0x0000c7ba   0x0000c7ba   0x00000002   PAD
    0x0000c7bc   0x0000c7bc   0x00000006   Code   RO         1796    .text._mutex_free   rtx_lib.o
    0x0000c7c2   0x0000c7c2   0x00000002   PAD
    0x0000c7c4   0x0000c7c4   0x00000020   Code   RO         1790    .text._mutex_initialize  rtx_lib.o
    0x0000c7e4   0x0000c7e4   0x00000032   Code   RO         1794    .text._mutex_release  rtx_lib.o
    0x0000c816   0x0000c816   0x00000002   PAD
    0x0000c818   0x0000c818   0x00000004   Code   RO         1784    .text._platform_post_stackheap_init  rtx_lib.o
    0x0000c81c   0x0000c81c   0x00000004   PAD
    0x0000c820   0x0000c820   0x000018ce   Code   RO           18    .text.main          main.o
    0x0000e0ee   0x0000e0ee   0x00000002   PAD
    0x0000e0f0   0x0000e0f0   0x00000030   Code   RO         1866    .text.osKernelGetState  RTX_CM4F.lib(rtx_kernel.o)
    0x0000e120   0x0000e120   0x0000002c   Code   RO         1860    .text.osKernelInitialize  RTX_CM4F.lib(rtx_kernel.o)
    0x0000e14c   0x0000e14c   0x00000070   Code   RO         2248    .text.osMessageQueueGet  RTX_CM4F.lib(rtx_msgqueue.o)
    0x0000e1bc   0x0000e1bc   0x00000080   Code   RO         2246    .text.osMessageQueuePut  RTX_CM4F.lib(rtx_msgqueue.o)
    0x0000e23c   0x0000e23c   0x00000024   Code   RO         2122    .text.osMutexAcquire  RTX_CM4F.lib(rtx_mutex.o)
    0x0000e260   0x0000e260   0x00000024   Code   RO         2128    .text.osMutexDelete  RTX_CM4F.lib(rtx_mutex.o)
    0x0000e284   0x0000e284   0x00000024   Code   RO         2118    .text.osMutexNew    RTX_CM4F.lib(rtx_mutex.o)
    0x0000e2a8   0x0000e2a8   0x00000024   Code   RO         2124    .text.osMutexRelease  RTX_CM4F.lib(rtx_mutex.o)
    0x0000e2cc   0x0000e2cc   0x00000002   Code   RO         1823    .text.osRtxErrorNotify  rtx_config.o
    0x0000e2ce   0x0000e2ce   0x00000004   Code   RO         1858    .text.osRtxKernelErrorNotify  RTX_CM4F.lib(rtx_kernel.o)
    0x0000e2d2   0x0000e2d2   0x00000002   Code   RO         1856    .text.osRtxKernelPreInit  RTX_CM4F.lib(rtx_kernel.o)
    0x0000e2d4   0x0000e2d4   0x0000006c   Code   RO         2309    .text.osRtxMemoryAlloc  RTX_CM4F.lib(rtx_memory.o)
    0x0000e340   0x0000e340   0x00000042   Code   RO         2311    .text.osRtxMemoryFree  RTX_CM4F.lib(rtx_memory.o)
    0x0000e382   0x0000e382   0x00000036   Code   RO         2307    .text.osRtxMemoryInit  RTX_CM4F.lib(rtx_memory.o)
    0x0000e3b8   0x0000e3b8   0x0000003a   Code   RO         2188    .text.osRtxMemoryPoolAlloc  RTX_CM4F.lib(rtx_mempool.o)
    0x0000e3f2   0x0000e3f2   0x0000004a   Code   RO         2190    .text.osRtxMemoryPoolFree  RTX_CM4F.lib(rtx_mempool.o)
    0x0000e43c   0x0000e43c   0x00000038   Code   RO         2186    .text.osRtxMemoryPoolInit  RTX_CM4F.lib(rtx_mempool.o)
    0x0000e474   0x0000e474   0x000000aa   Code   RO         2270    .text.osRtxMessageQueuePostProcess  RTX_CM4F.lib(rtx_msgqueue.o)
    0x0000e51e   0x0000e51e   0x00000002   PAD
    0x0000e520   0x0000e520   0x00000024   Code   RO         2238    .text.osRtxMessageQueueTimerSetup  RTX_CM4F.lib(rtx_msgqueue.o)
    0x0000e544   0x0000e544   0x00000048   Code   RO         2116    .text.osRtxMutexOwnerRestore  RTX_CM4F.lib(rtx_mutex.o)
    0x0000e58c   0x0000e58c   0x00000088   Code   RO         2323    .text.osRtxPendSV_Handler  RTX_CM4F.lib(rtx_system.o)
    0x0000e614   0x0000e614   0x00000070   Code   RO         2325    .text.osRtxPostProcess  RTX_CM4F.lib(rtx_system.o)
    0x0000e684   0x0000e684   0x00000034   Code   RO         1946    .text.osRtxThreadBlock  RTX_CM4F.lib(rtx_thread.o)
    0x0000e6b8   0x0000e6b8   0x0000007c   Code   RO         1954    .text.osRtxThreadDelayInsert  RTX_CM4F.lib(rtx_thread.o)
    0x0000e734   0x0000e734   0x0000003c   Code   RO         1950    .text.osRtxThreadDelayRemove  RTX_CM4F.lib(rtx_thread.o)
    0x0000e770   0x0000e770   0x00000050   Code   RO         1938    .text.osRtxThreadDelayTick  RTX_CM4F.lib(rtx_thread.o)
    0x0000e7c0   0x0000e7c0   0x00000050   Code   RO         1944    .text.osRtxThreadDispatch  RTX_CM4F.lib(rtx_thread.o)
    0x0000e810   0x0000e810   0x00000012   Code   RO         1930    .text.osRtxThreadListGet  RTX_CM4F.lib(rtx_thread.o)
    0x0000e822   0x0000e822   0x0000002c   Code   RO         1928    .text.osRtxThreadListPut  RTX_CM4F.lib(rtx_thread.o)
    0x0000e84e   0x0000e84e   0x00000014   Code   RO         1934    .text.osRtxThreadListRemove  RTX_CM4F.lib(rtx_thread.o)
    0x0000e862   0x0000e862   0x00000026   Code   RO         1932    .text.osRtxThreadListSort  RTX_CM4F.lib(rtx_thread.o)
    0x0000e888   0x0000e888   0x00000010   Code   RO         1936    .text.osRtxThreadReadyPut  RTX_CM4F.lib(rtx_thread.o)
    0x0000e898   0x0000e898   0x00000014   Code   RO         1940    .text.osRtxThreadRegPtr  RTX_CM4F.lib(rtx_thread.o)
    0x0000e8ac   0x0000e8ac   0x0000000c   Code   RO         1942    .text.osRtxThreadSwitch  RTX_CM4F.lib(rtx_thread.o)
    0x0000e8b8   0x0000e8b8   0x0000003c   Code   RO         1952    .text.osRtxThreadWaitEnter  RTX_CM4F.lib(rtx_thread.o)
    0x0000e8f4   0x0000e8f4   0x00000030   Code   RO         1948    .text.osRtxThreadWaitExit  RTX_CM4F.lib(rtx_thread.o)
    0x0000e924   0x0000e924   0x00000074   Code   RO         2321    .text.osRtxTick_Handler  RTX_CM4F.lib(rtx_system.o)
    0x0000e998   0x0000e998   0x00000020   Code   RO         2072    .text.osRtxTimerSetup  RTX_CM4F.lib(rtx_timer.o)
    0x0000e9b8   0x0000e9b8   0x00000020   Code   RO         2076    .text.osRtxTimerThread  RTX_CM4F.lib(rtx_timer.o)
    0x0000e9d8   0x0000e9d8   0x0000006c   Code   RO         2074    .text.osRtxTimerTick  RTX_CM4F.lib(rtx_timer.o)
    0x0000ea44   0x0000ea44   0x0000000c   Code   RO         1868    .text.svcRtxKernelGetState  RTX_CM4F.lib(rtx_kernel.o)
    0x0000ea50   0x0000ea50   0x00000100   Code   RO         1898    .text.svcRtxKernelInitialize  RTX_CM4F.lib(rtx_kernel.o)
    0x0000eb50   0x0000eb50   0x000000cc   Code   RO         2282    .text.svcRtxMessageQueueGet  RTX_CM4F.lib(rtx_msgqueue.o)
    0x0000ec1c   0x0000ec1c   0x00000118   Code   RO         2240    .text.svcRtxMessageQueueNew  RTX_CM4F.lib(rtx_msgqueue.o)
    0x0000ed34   0x0000ed34   0x000000ac   Code   RO         2278    .text.svcRtxMessageQueuePut  RTX_CM4F.lib(rtx_msgqueue.o)
    0x0000ede0   0x0000ede0   0x0000008c   Code   RO         2134    .text.svcRtxMutexAcquire  RTX_CM4F.lib(rtx_mutex.o)
    0x0000ee6c   0x0000ee6c   0x000000ac   Code   RO         2140    .text.svcRtxMutexDelete  RTX_CM4F.lib(rtx_mutex.o)
    0x0000ef18   0x0000ef18   0x00000068   Code   RO         2130    .text.svcRtxMutexNew  RTX_CM4F.lib(rtx_mutex.o)
    0x0000ef80   0x0000ef80   0x000000b4   Code   RO         2136    .text.svcRtxMutexRelease  RTX_CM4F.lib(rtx_mutex.o)
    0x0000f034   0x0000f034   0x00000004   PAD
    0x0000f038   0x0000f038   0x00000118   Code   RO         2409    i.__hardfp_ceil     m_wm.l(ceil.o)
    0x0000f150   0x0000f150   0x00000150   Code   RO         2383    x$fpl$dadd          fz_wm.l(daddsub_clz.o)
    0x0000f2a0   0x0000f2a0   0x00000018   Code   RO         2561    x$fpl$dcmpinf       fz_wm.l(dcmpi.o)
    0x0000f2b8   0x0000f2b8   0x000002b4   Code   RO         2392    x$fpl$ddiv          fz_wm.l(ddiv.o)
    0x0000f56c   0x0000f56c   0x00000078   Code   RO         2483    x$fpl$deqf          fz_wm.l(deqf.o)
    0x0000f5e4   0x0000f5e4   0x0000005e   Code   RO         2395    x$fpl$dfix          fz_wm.l(dfix.o)
    0x0000f642   0x0000f642   0x0000002e   Code   RO         2400    x$fpl$dflt          fz_wm.l(dflt_clz.o)
    0x0000f670   0x0000f670   0x00000078   Code   RO         2485    x$fpl$dgeqf         fz_wm.l(dgeqf.o)
    0x0000f6e8   0x0000f6e8   0x00000078   Code   RO         2487    x$fpl$dleqf         fz_wm.l(dleqf.o)
    0x0000f760   0x0000f760   0x00000154   Code   RO         2405    x$fpl$dmul          fz_wm.l(dmul.o)
    0x0000f8b4   0x0000f8b4   0x0000009c   Code   RO         2489    x$fpl$dnaninf       fz_wm.l(dnaninf.o)
    0x0000f950   0x0000f950   0x0000000c   Code   RO         2491    x$fpl$dretinf       fz_wm.l(dretinf.o)
    0x0000f95c   0x0000f95c   0x0000006c   Code   RO         2493    x$fpl$drleqf        fz_wm.l(drleqf.o)
    0x0000f9c8   0x0000f9c8   0x00000016   Code   RO         2384    x$fpl$drsb          fz_wm.l(daddsub_clz.o)
    0x0000f9de   0x0000f9de   0x00000002   PAD
    0x0000f9e0   0x0000f9e0   0x000001dc   Code   RO         2385    x$fpl$dsub          fz_wm.l(daddsub_clz.o)
    0x0000fbbc   0x0000fbbc   0x00000054   Code   RO         2389    x$fpl$fcmp          fz_wm.l(dcmp.o)
    0x0000fc10   0x0000fc10   0x0000001a   Code   RO         2407    x$fpl$fpinit        fz_wm.l(fpinit.o)
    0x0000fc2a   0x0000fc2a   0x00000000   Code   RO         2501    x$fpl$usenofp       fz_wm.l(usenofp.o)
    0x0000fc2a   0x0000fc2a   0x00000002   PAD
    0x0000fc2c   0x0000fc2c   0x00000070   Data   RO         1802    .rodata             rtx_lib.o
    0x0000fc9c   0x0000fc9c   0x00000038   Data   RO         1805    .rodata             rtx_lib.o
    0x0000fcd4   0x0000fcd4   0x00000004   Data   RO         1804    .rodata.osRtxUserSVC  rtx_lib.o
    0x0000fcd8   0x0000fcd8   0x00000024   Data   RO         1799    .rodata.os_idle_thread_attr  rtx_lib.o
    0x0000fcfc   0x0000fcfc   0x00000018   Data   RO         1801    .rodata.os_timer_mq_attr  rtx_lib.o
    0x0000fd14   0x0000fd14   0x00000024   Data   RO         1800    .rodata.os_timer_thread_attr  rtx_lib.o
    0x0000fd38   0x0000fd38   0x0000000b   Data   RO         1918    .rodata.str1.4      RTX_CM4F.lib(rtx_kernel.o)
    0x0000fd43   0x0000fd43   0x00000001   PAD
    0x0000fd44   0x0000fd44   0x00000020   Data   RO         2709    Region$$Table       anon$$obj.o


    Execution Region RW_IRAM1 (Exec base: 0x10000000, Load base: 0x0000fd68, Size: 0x000b6898, Max: 0x000c0000, ABSOLUTE, COMPRESSED[0x00000dd0])

    Exec Addr    Load Addr    Size         Type   Attr      Idx    E Section Name        Object

    0x10000000   COMPRESSED   0x00000074   Data   RW           34    .data..L_MergedGlobals  main.o
    0x10000074   COMPRESSED   0x00000004   PAD
    0x10000078   COMPRESSED   0x00001880   Data   RW           29    .data.actual_img    main.o
    0x100018f8   COMPRESSED   0x000000a4   Data   RW         1919    .data.os            RTX_CM4F.lib(rtx_kernel.o)
    0x1000199c   COMPRESSED   0x00000004   PAD
    0x100019a0   COMPRESSED   0x0000f500   Data   RW           30    .data.synapse       main.o
    0x10010ea0   COMPRESSED   0x000000c8   Data   RW           28    .data.w             main.o
    0x10010f68        -       0x00000060   Zero   RW         2564    .bss                c_w.l(libspace.o)
    0x10010fc8        -       0x00000078   Zero   RW           35    .bss..L_MergedGlobals.1  main.o
    0x10011040        -       0x00008040   Zero   RW         1798    .bss.os             rtx_lib.o
    0x10019080        -       0x00000034   Zero   RW         1810    .bss.os.msgqueue.cb  rtx_lib.o
    0x100190b4        -       0x00000050   Zero   RW         1811    .bss.os.msgqueue.mem  rtx_lib.o
    0x10019104        -       0x00000088   Zero   RW         1807    .bss.os.thread.cb   rtx_lib.o
    0x1001918c   COMPRESSED   0x00000004   PAD
    0x10019190        -       0x00000200   Zero   RW         1808    .bss.os.thread.idle.stack  rtx_lib.o
    0x10019390        -       0x00000200   Zero   RW         1809    .bss.os.thread.timer.stack  rtx_lib.o
    0x10019590        -       0x00000001   Zero   RW         1812    .bss.os_kernel_is_active.os_kernel_active  rtx_lib.o
    0x10019591   COMPRESSED   0x00000007   PAD
    0x10019598        -       0x00001880   Zero   RW           31    .bss.pot            main.o
    0x1001ae18        -       0x0009aa80   Zero   RW           32    .bss.train          main.o
    0x100b5898        -       0x00000000   Zero   RW         1832    HEAP                startup_apollo3p_1.o
    0x100b5898        -       0x00001000   Zero   RW         1831    STACK               startup_apollo3p_1.o


==============================================================================

Image component sizes


      Code (inc. data)   RO Data    RW Data    ZI Data      Debug   Object Name

      6670        102          0      69308     639864      45797   main.o
         2          0          0          0          0        682   rtx_config.o
       168          0        268          0      34125       8237   rtx_lib.o
       336        276          0          0       4096       1344   startup_apollo3p_1.o

    ----------------------------------------------------------------------
      7190        378        300      69312     678096      56060   Object Totals
         0          0         32          0          0          0   (incl. Generated)
        14          0          0          4         11          0   (incl. Padding)

    ----------------------------------------------------------------------

      Code (inc. data)   RO Data    RW Data    ZI Data      Debug   Library Member Name

       200         12          0          0          0        634   irq_armv7m.o
        12          4          0          0          0       3199   os_systick.o
       378         28         11        164          0      16781   rtx_kernel.o
       228          0          0          0          0       2590   rtx_memory.o
       188          0          0          0          0      16188   rtx_mempool.o
      1300         28          0          0          0      18765   rtx_msgqueue.o
       812         24          0          0          0      10068   rtx_mutex.o
       364         14          0          0          0       5444   rtx_system.o
       672          4          0          0          0      32486   rtx_thread.o
       244         12          0          0          0      10433   rtx_timer.o
       100          0          0          0          0          0   __dclz77c.o
         8          0          0          0          0         68   __main.o
         0          0          0          0          0          0   __rtentry.o
        20          0          0          0          0          0   __rtentry2.o
         6          0          0          0          0          0   __rtentry4.o
        52          8          0          0          0          0   __scatter.o
        28          0          0          0          0          0   __scatter_zi.o
        18          0          0          0          0         80   exit.o
         6          0          0          0          0        152   heapauxi.o
         0          0          0          0          0          0   indicate_semi.o
         2          0          0          0          0          0   libinit.o
         6          0          0          0          0          0   libinit2.o
         2          0          0          0          0          0   libshutdown.o
         2          0          0          0          0          0   libshutdown2.o
         8          4          0          0         96         68   libspace.o
        68          0          0          0          0         68   rt_memclr.o
        78          0          0          0          0         80   rt_memclr_w.o
       138          0          0          0          0         68   rt_memcpy_v6.o
       100          0          0          0          0         80   rt_memcpy_w.o
         2          0          0          0          0          0   rtexit.o
        10          0          0          0          0          0   rtexit2.o
        12          4          0          0          0         68   sys_exit.o
        74          0          0          0          0         80   sys_stackheap_outer.o
         2          0          0          0          0         68   use_no_semi.o
       834         16          0          0          0        516   daddsub_clz.o
        84          0          0          0          0        244   dcmp.o
        24          0          0          0          0        116   dcmpi.o
       692        140          0          0          0        264   ddiv.o
       120          4          0          0          0        140   deqf.o
        94          4          0          0          0        140   dfix.o
        46          0          0          0          0        116   dflt_clz.o
       120          4          0          0          0        140   dgeqf.o
       120          4          0          0          0        140   dleqf.o
       340         12          0          0          0        152   dmul.o
       156          4          0          0          0        140   dnaninf.o
        12          0          0          0          0        116   dretinf.o
       108          0          0          0          0        128   drleqf.o
        26          0          0          0          0        116   fpinit.o
         0          0          0          0          0          0   usenofp.o
       280         28          0          0          0        156   ceil.o

    ----------------------------------------------------------------------
      8214        362         12        168         96     120092   Library Totals
        18          4          1          4          0          0   (incl. Padding)

    ----------------------------------------------------------------------

      Code (inc. data)   RO Data    RW Data    ZI Data      Debug   Library Name

      4398        126         11        164          0     116588   RTX_CM4F.lib
       742         16          0          0         96        880   c_w.l
      2776        188          0          0          0       2468   fz_wm.l
       280         28          0          0          0        156   m_wm.l

    ----------------------------------------------------------------------
      8214        362         12        168         96     120092   Library Totals

    ----------------------------------------------------------------------

==============================================================================


      Code (inc. data)   RO Data    RW Data    ZI Data      Debug   

     15404        740        312      69480     678192     173968   Grand Totals
     15404        740        312       3536     678192     173968   ELF Image Totals (compressed)
     15404        740        312       3536          0          0   ROM Totals

==============================================================================

    Total RO  Size (Code + RO Data)                15716 (  15.35kB)
    Total RW  Size (RW Data + ZI Data)            747672 ( 730.15kB)
    Total ROM Size (Code + RO Data + RW Data)      19252 (  18.80kB)

==============================================================================

